Date: 2026-03-26 12:36:36
Running on: mylly1
Temporary directory: /chemtemp/sabine/pes_disp_-0.4_mode1_737065
Executable: /apps/chem/crystal/23-1.0.1/install/bin/Pcrystal
Output: /home/sabine/BaTiO3_tetra/Alamode_oldPyro/polari/pesScan/pes_disp_-0.4_mode1.out
Input data pes_disp_-0.4_mode1.d12
converted and standardized from ase Atoms() object for BaTiO3 in space group 1
EXTERNAL
ENDGEOM 
256 6 
INPUT 
10. 0 2 2 2 1 0 
9.526986 427.845816 0 
4.487510 204.417530 0 
8.315930 293.605864 0 
4.292217 294.193316 0 
5.916108 112.550402 0 
2.874842 181.782621 0 
3.589465 -33.473174 0 
0 0 3 2.0 1.0 
2.3961900000 -5.9554766710 
2.2433050000 6.6805648241 
0.71740200000 -0.57055347037 
0 0 1 2.0 1.0 
0.27420073547 1.0000000000 
0 1 1 0.0 1.0 
0.13 1.0 1.0 
0 2 4 6.0 1.0 
2.9267420000 0.79815276764 
2.5207180000 -1.0707548832 
0.67578180854 0.34940781448 
0.31985844531 0.65041110673 
0 3 2 0.0 1.0 
0.966315 -0.908938 
0.893828 0.947240 
0 3 1 0.0 1.0 
0.273195 0.322057 
22 12 
0 0 8 2.0 1.0 
211575.69025 .23318151011E-03 
31714.945058 .18079690851E-02 
7217.5476543 .93984311352E-02 
2042.9394247 .38156853618E-01 
665.12896208 .12374757197 
238.74942264 .29208551143 
92.508691001 .41226800855 
36.403919209 .21090534061 
0 0 4 2.0 1.0 
232.72624607 -.24920140738E-01 
71.791209711 -.11746490087 
11.158534615 .56503342318 
4.6548135416 .56211101812 
0 0 2 2.0 1.0 
6.8034629174 -.23011425503 
1.1201076403 .72103186735 
0 0 1 2.0 1.0 
0.48080118839 1.0000000000 
0 0 1 0.0 1.0 
0.24 1.0 
0 1 1 0.0 1.0 
0.12 1.0 1.0 
0 2 6 6.0 1.0 
1063.1474732 .24690839320E-02 
251.56507061 .19773345523E-01 
80.408554854 .90987976672E-01 
29.768193269 .25559900413 
11.736830556 .40489386764 
4.7142375230 .23693402558 
0 2 3 6.0 1.0 
17.796803704 -.27878639615E-01 
2.4272698680 .55672914668 
0.96823445537 1.0055447350 
0 2 1 0.0 1.0 
0.37056694165 1.0000000000 
0 3 4 2.0 1.0 
37.713384723 .11513835092E-01 
10.692931184 .67246343996E-01 
3.6728446990 .21484207775 
1.3588590303 .38890892779 
0 3 1 0.0 1.0 
0.54 1.0 
0 3 1 0.0 1.0 
0.22 1.0 
8 7 
0 0 6 2.0 1.0 
27032.382631 0.21726302465E-03 
4052.3871392 0.16838662199E-02 
922.32722710 0.87395616265E-02 
261.24070989 0.35239968808E-01 
85.354641351 0.11153519115 
31.035035245 0.25588953961 
0 0 2 2.0 1.0 
12.271113873 0.39768730901 
4.9159842006 0.24627849430 
0 0 1 0.0 1.0 
0.90086482370 1.0000000000 
0 1 1 0.0 1.0 
0.25000000000 1.0 1.0 
0 2 4 4.0 1.0 
75.300554155 0.60685103418E-02 
17.743733858 0.41912575824E-01 
5.5355828651 0.16153841088 
2.0685535103 0.35706951311 
0 2 1 0.0 1.0 
0.78238772422 1.0000000000 
0 3 1 0.0 1.0 
1.2000000000 1.0000000000 
99 0 
ENDBAS 
DFT 
PBE0 
ENDDFT 
SHRINK 
0 8 
8 8 8 
TOLINTEG 
8 8 8 8 16 
MAXCYCLE 
100 
FMIXING 
80 
EXCHSIZE 
30000000 
BIPOSIZE 
30000000 
ENDEXTERNAL geometry pes_disp_-0.4_mode1.ext is available as /chemtemp/sabine/pes_disp_-0.4_mode1_737065/fort.34
 PROCESS            2  OF           16  WORKING
 PROCESS            5  OF           16  WORKING
 PROCESS            6  OF           16  WORKING
 PROCESS            7  OF           16  WORKING
 PROCESS            8  OF           16  WORKING
 PROCESS            9  OF           16  WORKING
 PROCESS           10  OF           16  WORKING
 PROCESS           11  OF           16  WORKING
 PROCESS           12  OF           16  WORKING
 PROCESS           13  OF           16  WORKING
 PROCESS           14  OF           16  WORKING
 PROCESS           15  OF           16  WORKING
 PROCESS            0  OF           16  WORKING
 PROCESS            1  OF           16  WORKING
 PROCESS            4  OF           16  WORKING

         
 *******************************************************************************
 *                                                                             *
 *                               CRYSTAL23                                     *
 *                      public : 1.0.1 - October 2022                          *
 *                       HTTP://WWW.CRYSTAL.UNITO.IT                           *
 *                                                                             *
 *                              MAIN AUTHORS                                   *
 *                                                                             *
 *  R. DOVESI(1,11), V.R. SAUNDERS(2), C. ROETTI(1,11), R. ORLANDO(1,11),      *
 *  C.M. ZICOVICH-WILSON(1,3), F. PASCALE(4), B. CIVALLERI(1,11),              *
 *  K. DOLL(5), N.M. HARRISON(6), I.J. BUSH(7), Ph. D'ARCO(8),                 *
 *  M. LLUNELL(9), M. CAUSA'(10), Y. NOEL(8), L. MASCHIO(1,11), A. ERBA(1,11)  *
 *  M. RE'RAT(14), S. CASASSA(1,11), B.G. SEARLE(2), J.K. DESMARAIS(1)         *
 *                                                                             *
 *        CONTRIBUTIONS TO THE CODE HAVE ALSO BEEN GIVEN BY                    *
 *                                                                             *
 *  M. FERRABONE(1,11), M. DE LA PIERRE(1,11), M. FERRERO(1,11),               *
 *  J. BAIMA(1,11), E. ALBANESE(1,11), M.F. PEINTINGER(12), R. BAST(13),       *
 *  B. KIRTMAN(15), V. LACIVITA(1,11), R. DEMICHELIS(1,16)                     *
 *  G. BRANDEBURG(17), S. SALUSTRO(1,11), G. SANSONE(1,11)                     *
 *  M.T. RUGGIERO(18), L.E. DAGA(1), L. DONA'(1), A. COSSARD(1)                *
 *                                                                             *
 * (1) THEORETICAL CHEMISTRY GROUP - UNIVERSITA' DI TORINO - TORINO (ITALY)    *
 * (2) SCIENTIFIC COMPUTING DEPARTMENT - STFC DARESBURY (UK)                   *
 * (3) UNIVERSIDAD AUTONOMA DEL ESTADO DE MORELOS - CUERNAVACA (MEXICO)        *
 * (4) UNIVERSITE' DE LORRAINE - NANCY (FRANCE)                                *
 * (5) UNIVERSITAET STUTTGART- STUTTGART (GERMANY)                             *
 * (6) IMPERIAL COLLEGE - LONDON (UK)                                          *
 * (7) SCIENTIFIC COMPUTING DEPARTMENT - STFC RAL (UK)                         *
 * (8) UPMC - SORBONNE UNIVERSITES - PARIS (FRANCE)                            *
 * (9) UNIVERSIDAD DE BARCELONA - BARCELONA (SPAIN)                            *
 *(10) UNIVERSITA' DI NAPOLI "FEDERICO II" - NAPOLI (ITALY)                    *
 *(11) NIS - NANOSTRUCTURED INTERFACES AND SURFACES - TORINO (ITALY)           *
 *(12) MPI FUER CHEMISCHE ENERGIEKONVERSION - MUELHEIM AN DER RUHR (GERMANY)   *
 *(13) UNIVERSITY OF TROMSO - TROMSO (NORWAY)                                  *
 *(14) UNIVERSITE' DE PAU ET DES PAYS DE L'ADOUR - PAU (FRANCE)                *
 *(15) UNIVERSITY OF CALIFORNIA SANTA BARBARA - SANTA BARBARA (USA)            *
 *(16) CURTIN UNIVERSITY - PERTH (AUSTRALIA)                                   *
 *(17) UNIVERSITY COLLEGE LONDON - LONDON (UK)                                 *
 *(18) UNIVERSITY OF VERMONT - BURLINGTON (USA)                                *
 *                                                                             *
 *******************************************************************************
 EEEEEEEEEE STARTING  DATE 26 03 2026 TIME 12:36:37.3
 converted and standardized from ase Atoms() object for BaTiO3 in space group 1  
 PROCESS            3  OF           16  WORKING
 filename=fort.34                        0           0

 GEOMETRY INPUT FROM EXTERNAL FILE (FORTRAN UNIT 34)
 3D - CRYSTAL 

 *******************************************************************************
 LATTICE PARAMETERS  (ANGSTROMS AND DEGREES) - PRIMITIVE CELL
       A          B          C        ALPHA      BETA     GAMMA        VOLUME
    3.96924    3.96924    4.09160    90.00000  90.00000  90.00000     64.462730
 INFORMATION **** CHKGRP **** SPGR WITH NO INVERSION

 NUMBER OF IRREDUCIBLE ATOMS IN THE CELL:    5

 CARTESIAN COORDINATES (ANGSTROM) - IRREDUCIBLE ATOMS AND SYMMETRY RELATED

 AT.IRR.  AT  AT.N.          X                   Y                   Z
     1     1   256    3.969152731507E+00  3.968502677850E+00  5.271564917876E-02
     2     2     8    1.984539433844E+00  1.983882053671E+00  3.986175097219E+00
     3     3     8    1.984522922988E+00  3.968529787370E+00  2.011055418546E+00
     4     4     8    3.969145701907E+00  1.983948167437E+00  2.011139561176E+00
     5     5    22    1.984534369698E+00  1.983961524978E+00  2.173397221416E+00
 NUMBER OF SYMMETRY OPERATORS         :    1
 *******************************************************************************
 LATTICE PARAMETERS (ANGSTROMS AND DEGREES) - BOHR = 0.5291772083 ANGSTROM
 PRIMITIVE CELL - CENTRING CODE 1/0 VOLUME=    64.462730 - DENSITY  6.022 g/cm^3
         A              B              C           ALPHA      BETA       GAMMA 
     3.96924435     3.96924435     4.09159860    90.000000  90.000000  90.000000
 *******************************************************************************
 ATOMS IN THE ASYMMETRIC UNIT    5 - ATOMS IN THE UNIT CELL:    5
     ATOM                 X/A                 Y/B                 Z/C    
 *******************************************************************************
      1 T 256 BA   -2.308209950008E-05 -1.868547472099E-04  1.288387604267E-02
      2 T   8 O     4.999791544313E-01  4.998135359620E-01 -2.576584682104E-02
      3 T   8 O     4.999749947338E-01 -1.800248529499E-04  4.915084824172E-01
      4 T   8 O    -2.485311663958E-05  4.998301924740E-01  4.915290471494E-01
      5 T  22 TI    4.999778785848E-01  4.998335577346E-01 -4.688146531736E-01

 T = ATOM BELONGING TO THE ASYMMETRIC UNIT
 *******************************************************************************
 * GEOMETRY EDITING - INPUT COORDINATES ARE GIVEN IN ANGSTROM         
 *******************************************************************************

 GCALCO - MAX INDICES DIRECT LATTICE VECTOR    15    15    14
 NO.OF VECTORS CREATED 6999 STARS  514 RMAX    90.00942 BOHR

 GEOMETRY FOR WAVE FUNCTION - DIMENSIONALITY OF THE SYSTEM    3
 (NON PERIODIC DIRECTION: LATTICE PARAMETER FORMALLY SET TO 500)
 *******************************************************************************
 LATTICE PARAMETERS (ANGSTROMS AND DEGREES) - BOHR = 0.5291772083 ANGSTROM
 PRIMITIVE CELL - CENTRING CODE 1/0 VOLUME=    64.462730 - DENSITY  6.022 g/cm^3
         A              B              C           ALPHA      BETA       GAMMA 
     3.96924435     3.96924435     4.09159860    90.000000  90.000000  90.000000
 *******************************************************************************
 ATOMS IN THE ASYMMETRIC UNIT    5 - ATOMS IN THE UNIT CELL:    5
     ATOM                 X/A                 Y/B                 Z/C    
 *******************************************************************************
      1 T 256 BA   -2.308209950019E-05 -1.868547472097E-04  1.288387604267E-02
      2 T   8 O     4.999791544313E-01  4.998135359620E-01 -2.576584682104E-02
      3 T   8 O     4.999749947338E-01 -1.800248529498E-04  4.915084824172E-01
      4 T   8 O    -2.485311663969E-05  4.998301924740E-01  4.915290471494E-01
      5 T  22 TI    4.999778785848E-01  4.998335577346E-01 -4.688146531736E-01

 T = ATOM BELONGING TO THE ASYMMETRIC UNIT

 ****    1 SYMMOPS - TRANSLATORS IN FRACTIONAL UNITS
 **** MATRICES AND TRANSLATORS IN THE CRYSTALLOGRAPHIC REFERENCE FRAME
   V INV                    ROTATION MATRICES                   TRANSLATORS
   1   1  1.00  0.00  0.00  0.00  1.00  0.00  0.00  0.00  1.00  0.00  0.00  0.00

 DIRECT LATTICE VECTORS CARTESIAN COMPONENTS (ANGSTROM)
          X                    Y                    Z
   0.396924435000E+01   0.000000000000E+00   0.000000000000E+00
   0.000000000000E+00   0.396924435000E+01   0.000000000000E+00
   0.000000000000E+00   0.000000000000E+00   0.409159860000E+01


 CARTESIAN COORDINATES - PRIMITIVE CELL
 *******************************************************************************
 *      ATOM          X(ANGSTROM)         Y(ANGSTROM)         Z(ANGSTROM)
 *******************************************************************************
    1   256 BA    3.969152731507E+00  3.968502677850E+00  5.271564917876E-02
    2     8 O     1.984539433844E+00  1.983882053671E+00  3.986175097219E+00
    3     8 O     1.984522922988E+00  3.968529787370E+00  2.011055418546E+00
    4     8 O     3.969145701907E+00  1.983948167437E+00  2.011139561176E+00
    5    22 TI    1.984534369698E+00  1.983961524978E+00  2.173397221416E+00

 *******************************************************************************
 *** PSEUDOPOTENTIAL INFORMATION ***
 *******************************************************************************

 ATOMIC NUMBER  56, NUCLEAR CHARGE 10.000, GIVEN IN INPUT       PSEUDOPOTENTIAL
   TYPE       EXPONENT      COEFF.    N      EXPONENT      COEFF.    N
  P0 TMS     9.5269860  427.8458160   0     4.4875100  204.4175300   0
  P1 TMS     8.3159300  293.6058640   0     4.2922170  294.1933160   0
  P2 TMS     5.9161080  112.5504020   0     2.8748420  181.7826210   0
  P3 TMS     3.5894650  -33.4731740   0

 *******************************************************************************
 LOCAL ATOMIC FUNCTIONS BASIS SET
 *******************************************************************************
   ATOM   X(AU)   Y(AU)   Z(AU)  N. TYPE  EXPONENT  S COEF   P COEF   D/F/G COEF
 *******************************************************************************
   1 BA   7.501   7.499   0.100
                                  1 S  
                                         2.396E+00-5.955E+00 0.000E+00 0.000E+00
                                         2.243E+00 6.681E+00 0.000E+00 0.000E+00
                                         7.174E-01-5.706E-01 0.000E+00 0.000E+00
                                  2 S  
                                         2.742E-01 1.000E+00 0.000E+00 0.000E+00
                           3-     6 SP 
                                         1.300E-01 1.000E+00 1.000E+00 0.000E+00
                           7-     9 P  
                                         2.927E+00 0.000E+00 7.982E-01 0.000E+00
                                         2.521E+00 0.000E+00-1.071E+00 0.000E+00
                                         6.758E-01 0.000E+00 3.494E-01 0.000E+00
                                         3.199E-01 0.000E+00 6.504E-01 0.000E+00
                          10-    14 D  
                                         9.663E-01 0.000E+00 0.000E+00-9.089E-01
                                         8.938E-01 0.000E+00 0.000E+00 9.472E-01
                          15-    19 D  
                                         2.732E-01 0.000E+00 0.000E+00 3.221E-01
   2 O    3.750   3.749   7.533
                                 20 S  
                                         2.703E+04 2.173E-04 0.000E+00 0.000E+00
                                         4.052E+03 1.684E-03 0.000E+00 0.000E+00
                                         9.223E+02 8.740E-03 0.000E+00 0.000E+00
                                         2.612E+02 3.524E-02 0.000E+00 0.000E+00
                                         8.535E+01 1.115E-01 0.000E+00 0.000E+00
                                         3.104E+01 2.559E-01 0.000E+00 0.000E+00
                                 21 S  
                                         1.227E+01 3.977E-01 0.000E+00 0.000E+00
                                         4.916E+00 2.463E-01 0.000E+00 0.000E+00
                                 22 S  
                                         9.009E-01 1.000E+00 0.000E+00 0.000E+00
                          23-    26 SP 
                                         2.500E-01 1.000E+00 1.000E+00 0.000E+00
                          27-    29 P  
                                         7.530E+01 0.000E+00 6.069E-03 0.000E+00
                                         1.774E+01 0.000E+00 4.191E-02 0.000E+00
                                         5.536E+00 0.000E+00 1.615E-01 0.000E+00
                                         2.069E+00 0.000E+00 3.571E-01 0.000E+00
                          30-    32 P  
                                         7.824E-01 0.000E+00 1.000E+00 0.000E+00
                          33-    37 D  
                                         1.200E+00 0.000E+00 0.000E+00 1.000E+00
   3 O    3.750   7.499   3.800
   4 O    7.501   3.749   3.801
   5 TI   3.750   3.749   4.107
                                 74 S  
                                         2.116E+05 2.332E-04 0.000E+00 0.000E+00
                                         3.171E+04 1.808E-03 0.000E+00 0.000E+00
                                         7.218E+03 9.398E-03 0.000E+00 0.000E+00
                                         2.043E+03 3.816E-02 0.000E+00 0.000E+00
                                         6.651E+02 1.237E-01 0.000E+00 0.000E+00
                                         2.387E+02 2.921E-01 0.000E+00 0.000E+00
                                         9.251E+01 4.123E-01 0.000E+00 0.000E+00
                                         3.640E+01 2.109E-01 0.000E+00 0.000E+00
                                 75 S  
                                         2.327E+02-2.492E-02 0.000E+00 0.000E+00
                                         7.179E+01-1.175E-01 0.000E+00 0.000E+00
                                         1.116E+01 5.650E-01 0.000E+00 0.000E+00
                                         4.655E+00 5.621E-01 0.000E+00 0.000E+00
                                 76 S  
                                         6.803E+00-2.301E-01 0.000E+00 0.000E+00
                                         1.120E+00 7.210E-01 0.000E+00 0.000E+00
                                 77 S  
                                         4.808E-01 1.000E+00 0.000E+00 0.000E+00
                                 78 S  
                                         2.400E-01 1.000E+00 0.000E+00 0.000E+00
                          79-    82 SP 
                                         1.200E-01 1.000E+00 1.000E+00 0.000E+00
                          83-    85 P  
                                         1.063E+03 0.000E+00 2.469E-03 0.000E+00
                                         2.516E+02 0.000E+00 1.977E-02 0.000E+00
                                         8.041E+01 0.000E+00 9.099E-02 0.000E+00
                                         2.977E+01 0.000E+00 2.556E-01 0.000E+00
                                         1.174E+01 0.000E+00 4.049E-01 0.000E+00
                                         4.714E+00 0.000E+00 2.369E-01 0.000E+00
                          86-    88 P  
                                         1.780E+01 0.000E+00-2.788E-02 0.000E+00
                                         2.427E+00 0.000E+00 5.567E-01 0.000E+00
                                         9.682E-01 0.000E+00 1.006E+00 0.000E+00
                          89-    91 P  
                                         3.706E-01 0.000E+00 1.000E+00 0.000E+00
                          92-    96 D  
                                         3.771E+01 0.000E+00 0.000E+00 1.151E-02
                                         1.069E+01 0.000E+00 0.000E+00 6.725E-02
                                         3.673E+00 0.000E+00 0.000E+00 2.148E-01
                                         1.359E+00 0.000E+00 0.000E+00 3.889E-01
                          97-   101 D  
                                         5.400E-01 0.000E+00 0.000E+00 1.000E+00
                         102-   106 D  
                                         2.200E-01 0.000E+00 0.000E+00 1.000E+00
 INFORMATION **** SET_MPP **** PCRYSTAL CALCULATION
 INFORMATION **** READM2 **** NEW DEFAULT: FOCK/KS MATRIX MIXING SET TO 30 %
 INFORMATION **** READM2 **** NEW DEFAULT: FULL DIRECT SCF MODE
 INFORMATION **** READM2 **** NEW DEFAULT: COULOMB BIPOLAR BUFFER SET TO 32 Mb
 INFORMATION **** READM2 **** NEW DEFAULT: EXCHANGE BIPOLAR BUFFER SET TO 32 Mb

 *******************************************************************************
 NEW DEFAULT: DFT INTEGRATION GRID INCREASED TO XLGRID
 NEW DEFAULT: DIIS ACCELERATOR ACTIVE
 USE KEYWORD NODIIS TO TURN IT OFF
 *******************************************************************************

 INFORMATION **** TOLINTEG **** COULOMB AND EXCHANGE SERIES TOLERANCES MODIFIED
 INFORMATION **** MAXCYCLE **** MAX NUMBER OF SCF CYCLES SET TO         100
 INFORMATION **** EXCHSIZE **** EXCHANGE BIPOLAR BUFFER SIZE SET TO    30000000
 INFORMATION **** BIPOSIZE **** COULOMB BIPOLAR BUFFER SET TO    30000000
 *******************************************************************************
 N. OF ATOMS PER CELL         5  COULOMB OVERLAP TOL         (T1) 10**   -8
 NUMBER OF SHELLS            39  COULOMB PENETRATION TOL     (T2) 10**   -8
 NUMBER OF AO               106  EXCHANGE OVERLAP TOL        (T3) 10**   -8
 N. OF ELECTRONS PER CELL    56  EXCHANGE PSEUDO OVP (F(G))  (T4) 10**   -8
 CORE ELECTRONS PER CELL     24  EXCHANGE PSEUDO OVP (P(G))  (T5) 10**  -16
 N. OF SYMMETRY OPERATORS     1  POLE ORDER IN MONO ZONE                  4
 *******************************************************************************
 TYPE OF CALCULATION :  RESTRICTED CLOSED SHELL
 KOHN-SHAM HAMILTONIAN

 (EXCHANGE)[CORRELATION] FUNCTIONAL:(PERDEW-BURKE-ERNZERHOF)[PERDEW-BURKE-ERNZERHOF]


 HYBRID EXCHANGE - PERCENTAGE OF FOCK EXCHANGE    25.0000
 CORE  PSEUDO POTENTIAL         TOL. ON PSEUDO              (TP) 10**- 6

 CAPPA:IS1  8;IS2  8;IS3  8; K PTS MONK NET 260; SYMMOPS:K SPACE   2;G SPACE   1

 *******************************************************************************
 MAX NUMBER OF SCF CYCLES     100  CONVERGENCE ON DELTAP        10**-16
 WEIGHT OF F(I) IN F(I+1)      80% CONVERGENCE ON ENERGY        10**- 6
 SHRINK. FACT.(MONKH.)    8  8  8  NUMBER OF K POINTS IN THE IBZ    260
 SHRINKING FACTOR(GILAT NET)    8  NUMBER OF K POINTS(GILAT NET)    260
 *******************************************************************************
 *** K POINTS COORDINATES (OBLIQUE COORDINATES IN UNITS OF IS =  8)
   1-R(  0  0  0)   2-C(  1  0  0)   3-C(  2  0  0)   4-C(  3  0  0)
   5-R(  4  0  0)   6-C(  0  1  0)   7-C(  1  1  0)   8-C(  2  1  0)
   9-C(  3  1  0)  10-C(  4  1  0)  11-C(  5  1  0)  12-C(  6  1  0)
  13-C(  7  1  0)  14-C(  0  2  0)  15-C(  1  2  0)  16-C(  2  2  0)
  17-C(  3  2  0)  18-C(  4  2  0)  19-C(  5  2  0)  20-C(  6  2  0)
  21-C(  7  2  0)  22-C(  0  3  0)  23-C(  1  3  0)  24-C(  2  3  0)
  25-C(  3  3  0)  26-C(  4  3  0)  27-C(  5  3  0)  28-C(  6  3  0)
  29-C(  7  3  0)  30-R(  0  4  0)  31-C(  1  4  0)  32-C(  2  4  0)
  33-C(  3  4  0)  34-R(  4  4  0)  35-C(  0  0  1)  36-C(  1  0  1)
  37-C(  2  0  1)  38-C(  3  0  1)  39-C(  4  0  1)  40-C(  5  0  1)
  41-C(  6  0  1)  42-C(  7  0  1)  43-C(  0  1  1)  44-C(  1  1  1)
  45-C(  2  1  1)  46-C(  3  1  1)  47-C(  4  1  1)  48-C(  5  1  1)
  49-C(  6  1  1)  50-C(  7  1  1)  51-C(  0  2  1)  52-C(  1  2  1)
  53-C(  2  2  1)  54-C(  3  2  1)  55-C(  4  2  1)  56-C(  5  2  1)
  57-C(  6  2  1)  58-C(  7  2  1)  59-C(  0  3  1)  60-C(  1  3  1)
  61-C(  2  3  1)  62-C(  3  3  1)  63-C(  4  3  1)  64-C(  5  3  1)
  65-C(  6  3  1)  66-C(  7  3  1)  67-C(  0  4  1)  68-C(  1  4  1)
  69-C(  2  4  1)  70-C(  3  4  1)  71-C(  4  4  1)  72-C(  5  4  1)
  73-C(  6  4  1)  74-C(  7  4  1)  75-C(  0  5  1)  76-C(  1  5  1)
  77-C(  2  5  1)  78-C(  3  5  1)  79-C(  4  5  1)  80-C(  5  5  1)
  81-C(  6  5  1)  82-C(  7  5  1)  83-C(  0  6  1)  84-C(  1  6  1)
  85-C(  2  6  1)  86-C(  3  6  1)  87-C(  4  6  1)  88-C(  5  6  1)
  89-C(  6  6  1)  90-C(  7  6  1)  91-C(  0  7  1)  92-C(  1  7  1)
  93-C(  2  7  1)  94-C(  3  7  1)  95-C(  4  7  1)  96-C(  5  7  1)
  97-C(  6  7  1)  98-C(  7  7  1)  99-C(  0  0  2) 100-C(  1  0  2)
 101-C(  2  0  2) 102-C(  3  0  2) 103-C(  4  0  2) 104-C(  5  0  2)
 105-C(  6  0  2) 106-C(  7  0  2) 107-C(  0  1  2) 108-C(  1  1  2)
 109-C(  2  1  2) 110-C(  3  1  2) 111-C(  4  1  2) 112-C(  5  1  2)
 113-C(  6  1  2) 114-C(  7  1  2) 115-C(  0  2  2) 116-C(  1  2  2)
 117-C(  2  2  2) 118-C(  3  2  2) 119-C(  4  2  2) 120-C(  5  2  2)
 121-C(  6  2  2) 122-C(  7  2  2) 123-C(  0  3  2) 124-C(  1  3  2)
 125-C(  2  3  2) 126-C(  3  3  2) 127-C(  4  3  2) 128-C(  5  3  2)
 129-C(  6  3  2) 130-C(  7  3  2) 131-C(  0  4  2) 132-C(  1  4  2)
 133-C(  2  4  2) 134-C(  3  4  2) 135-C(  4  4  2) 136-C(  5  4  2)
 137-C(  6  4  2) 138-C(  7  4  2) 139-C(  0  5  2) 140-C(  1  5  2)
 141-C(  2  5  2) 142-C(  3  5  2) 143-C(  4  5  2) 144-C(  5  5  2)
 145-C(  6  5  2) 146-C(  7  5  2) 147-C(  0  6  2) 148-C(  1  6  2)
 149-C(  2  6  2) 150-C(  3  6  2) 151-C(  4  6  2) 152-C(  5  6  2)
 153-C(  6  6  2) 154-C(  7  6  2) 155-C(  0  7  2) 156-C(  1  7  2)
 157-C(  2  7  2) 158-C(  3  7  2) 159-C(  4  7  2) 160-C(  5  7  2)
 161-C(  6  7  2) 162-C(  7  7  2) 163-C(  0  0  3) 164-C(  1  0  3)
 165-C(  2  0  3) 166-C(  3  0  3) 167-C(  4  0  3) 168-C(  5  0  3)
 169-C(  6  0  3) 170-C(  7  0  3) 171-C(  0  1  3) 172-C(  1  1  3)
 173-C(  2  1  3) 174-C(  3  1  3) 175-C(  4  1  3) 176-C(  5  1  3)
 177-C(  6  1  3) 178-C(  7  1  3) 179-C(  0  2  3) 180-C(  1  2  3)
 181-C(  2  2  3) 182-C(  3  2  3) 183-C(  4  2  3) 184-C(  5  2  3)
 185-C(  6  2  3) 186-C(  7  2  3) 187-C(  0  3  3) 188-C(  1  3  3)
 189-C(  2  3  3) 190-C(  3  3  3) 191-C(  4  3  3) 192-C(  5  3  3)
 193-C(  6  3  3) 194-C(  7  3  3) 195-C(  0  4  3) 196-C(  1  4  3)
 197-C(  2  4  3) 198-C(  3  4  3) 199-C(  4  4  3) 200-C(  5  4  3)
 201-C(  6  4  3) 202-C(  7  4  3) 203-C(  0  5  3) 204-C(  1  5  3)
 205-C(  2  5  3) 206-C(  3  5  3) 207-C(  4  5  3) 208-C(  5  5  3)
 209-C(  6  5  3) 210-C(  7  5  3) 211-C(  0  6  3) 212-C(  1  6  3)
 213-C(  2  6  3) 214-C(  3  6  3) 215-C(  4  6  3) 216-C(  5  6  3)
 217-C(  6  6  3) 218-C(  7  6  3) 219-C(  0  7  3) 220-C(  1  7  3)
 221-C(  2  7  3) 222-C(  3  7  3) 223-C(  4  7  3) 224-C(  5  7  3)
 225-C(  6  7  3) 226-C(  7  7  3) 227-R(  0  0  4) 228-C(  1  0  4)
 229-C(  2  0  4) 230-C(  3  0  4) 231-R(  4  0  4) 232-C(  0  1  4)
 233-C(  1  1  4) 234-C(  2  1  4) 235-C(  3  1  4) 236-C(  4  1  4)
 237-C(  5  1  4) 238-C(  6  1  4) 239-C(  7  1  4) 240-C(  0  2  4)
 241-C(  1  2  4) 242-C(  2  2  4) 243-C(  3  2  4) 244-C(  4  2  4)
 245-C(  5  2  4) 246-C(  6  2  4) 247-C(  7  2  4) 248-C(  0  3  4)
 249-C(  1  3  4) 250-C(  2  3  4) 251-C(  3  3  4) 252-C(  4  3  4)
 253-C(  5  3  4) 254-C(  6  3  4) 255-C(  7  3  4) 256-R(  0  4  4)
 257-C(  1  4  4) 258-C(  2  4  4) 259-C(  3  4  4) 260-R(  4  4  4)

 DIRECT LATTICE VECTORS COMPON. (A.U.)     RECIP. LATTICE VECTORS COMPON. (A.U.) 
        X            Y            Z              X            Y            Z
    7.5007848    0.0000000    0.0000000      0.8376704    0.0000000    0.0000000
    0.0000000    7.5007848    0.0000000      0.0000000    0.8376704    0.0000000
    0.0000000    0.0000000    7.7320008      0.0000000    0.0000000    0.8126209

 DISK SPACE FOR EIGENVECTORS (FTN 10)     5752832 REALS

 SYMMETRY ADAPTION OF THE BLOCH FUNCTIONS DISABLED
 TTTTTTTTTTTTTTTTTTTTTTTTTTTTTT gordsh1     TELAPSE        0.46 TCPU        0.20

 MATRIX SIZE: P(G)  261896, F(G)   47035, P(G) IRR  136618, F(G) IRR   48543
 MAX G-VECTOR INDEX FOR 1- AND 2-ELECTRON INTEGRALS 247

 TTTTTTTTTTTTTTTTTTTTTTTTTTTTTT INPUT       TELAPSE        0.46 TCPU        0.20

 NEIGHBORS OF THE NON-EQUIVALENT ATOMS

 N = NUMBER OF NEIGHBORS AT DISTANCE R
    ATOM  N     R/ANG      R/AU   NEIGHBORS (ATOM LABELS AND CELL INDICES)
   1 BA   1     2.7882     5.2688    3 O    1 0 0
   1 BA   1     2.7882     5.2689    3 O    0 0 0
   1 BA   1     2.7882     5.2689    4 O    0 0 0
   1 BA   1     2.7883     5.2691    4 O    0 1 0
   1 BA   1     2.8111     5.3123    2 O    0 0-1
   1 BA   1     2.8111     5.3123    2 O    0 1-1

   2 O    1     1.8128     3.4257    5 TI   0 0 0
   2 O    1     2.2788     4.3063    5 TI   0 0 1
   2 O    1     2.7999     5.2910    4 O    0 0 0
   2 O    1     2.7999     5.2911    4 O   -1 0 0
   2 O    1     2.8000     5.2911    3 O    0-1 0
   2 O    1     2.8000     5.2912    3 O    0 0 0

   3 O    1     1.9912     3.7628    5 TI   0 0 0
   3 O    1     1.9913     3.7630    5 TI   0 1 0
   3 O    1     2.7882     5.2688    1 BA  -1 0 0
   3 O    1     2.7882     5.2689    1 BA   0 0 0
   3 O    1     2.8000     5.2911    2 O    0 1 0
   3 O    1     2.8000     5.2912    2 O    0 0 0

   4 O    1     1.9912     3.7629    5 TI   0 0 0
   4 O    1     1.9913     3.7629    5 TI   1 0 0
   4 O    1     2.7882     5.2689    1 BA   0 0 0
   4 O    1     2.7883     5.2691    1 BA   0-1 0
   4 O    1     2.7999     5.2910    2 O    0 0 0
   4 O    1     2.7999     5.2911    2 O    1 0 0

   5 TI   1     1.8128     3.4257    2 O    0 0 0
   5 TI   1     1.9912     3.7628    3 O    0 0 0
   5 TI   1     1.9912     3.7629    4 O    0 0 0
   5 TI   1     1.9913     3.7629    4 O   -1 0 0
   5 TI   1     1.9913     3.7630    3 O    0-1 0
   5 TI   1     2.2788     4.3063    2 O    0 0-1


 SYMMETRY ALLOWED INTERNAL DEGREE(S) OF FREEDOM:  12
 TTTTTTTTTTTTTTTTTTTTTTTTTTTTTT SYMM        TELAPSE        0.46 TCPU        0.20
 TTTTTTTTTTTTTTTTTTTTTTTTTTTTTT INT_SCREEN  TELAPSE        0.47 TCPU        0.21

 DFT PARAMETERS

     ATOM       ELECTRONS   NET CHARGE   R(ANGSTROM)
   1 256  BA     10.0000      0.0000     2.24000000
   2   8  O       8.0000      0.0000     0.74000000
   5  22  TI     22.0000      0.0000     1.47000000

 SIZE OF GRID=     105114
 TTTTTTTTTTTTTTTTTTTTTTTTTTTTTT MAKE_GRID2  TELAPSE        3.30 TCPU        3.02
 BECKE WEIGHT FUNCTION
 RADSAFE =     2.00
 TOLERANCES - DENSITY:10**- 6; POTENTIAL:10**- 9; GRID WGT:10**-14

 RADIAL INTEGRATION  - INTERVALS (POINTS,UPPER LIMIT):            1( 75,  4.0*R)

 ANGULAR INTEGRATION - INTERVALS (ACCURACY LEVEL [N. POINTS] UPPER LIMIT):
  1(  4[  86]   0.2)  2(  8[ 194]   0.5)  3( 12[ 350]   0.9)  4( 16[ 974]   3.5)
  5( 12[ 350]9999.0)
 TTTTTTTTTTTTTTTTTTTTTTTTTTTTTT INT_CALC    TELAPSE        3.32 TCPU        3.04
 EEEEEEEEEE INT_CALC TERMINATION  DATE 26 03 2026 TIME 12:36:40.3

 *******************************************************************************
 converted and standardized from ase Atoms() object for BaTiO3 in space group 1  
 CRYSTAL - SCF - TYPE OF CALCULATION :  RESTRICTED CLOSED SHELL
 *******************************************************************************

 CAPPA:IS1  8;IS2  8;IS3  8; K PTS MONK NET 260; SYMMOPS:K SPACE   2;G SPACE   1

 TTTTTTTTTTTTTTTTTTTTTTTTTTTTTT SDIK        TELAPSE        3.35 TCPU        3.07

 AAAAAAAAAAAAAAAAAAAAAAAAAAAAAAAAAAAAAAAAAAAAAAAAAAAAAAAAAAAAAAAAAAAAAAAAAAAAAAA
         ATOMIC WAVEFUNCTION(S)


 NUCLEAR CHARGE 10.0  SYMMETRY SPECIES            S    P
 N. ELECTRONS   10.0  NUMBER OF PRIMITIVE GTOS    5    5
                      NUMBER OF CONTRACTED GTOS   3    2
                      NUMBER OF CLOSED SHELLS     2    1
                      OPEN SHELL OCCUPATION       0    0

  ZNUC  SCFIT    TOTAL HF ENERGY   KINETIC ENERGY   VIRIAL THEOREM ACCURACY
  10.0     4    -2.474305552E+01  8.075374970E+00 -4.064013202E+00  1.0E-06

 NUCLEAR CHARGE  8.0  SYMMETRY SPECIES            S    P
 N. ELECTRONS    8.0  NUMBER OF PRIMITIVE GTOS   10    6
                      NUMBER OF CONTRACTED GTOS   4    3
                      NUMBER OF CLOSED SHELLS     2    0
                      OPEN SHELL OCCUPATION       0    4

  ZNUC  SCFIT    TOTAL HF ENERGY   KINETIC ENERGY   VIRIAL THEOREM ACCURACY
   8.0    13    -7.480154908E+01  7.478929752E+01 -2.000163814E+00  2.2E-06

 NUCLEAR CHARGE 22.0  SYMMETRY SPECIES            S    P    D
 N. ELECTRONS   22.0  NUMBER OF PRIMITIVE GTOS   17   11    6
                      NUMBER OF CONTRACTED GTOS   6    4    3
                      NUMBER OF CLOSED SHELLS     4    2    0
                      OPEN SHELL OCCUPATION       0    0    2

  ZNUC  SCFIT    TOTAL HF ENERGY   KINETIC ENERGY   VIRIAL THEOREM ACCURACY
  22.0    51    -8.483283900E+02  8.486954862E+02 -1.999567458E+00  4.0E-06

 AAAAAAAAAAAAAAAAAAAAAAAAAAAAAAAAAAAAAAAAAAAAAAAAAAAAAAAAAAAAAAAAAAAAAAAAAAAAAAA

 CHARGE NORMALIZATION FACTOR   1.00000000
 TOTAL ATOMIC CHARGES:
  10.0000000   8.0000000   8.0000000   8.0000000  22.0000000
 TTTTTTTTTTTTTTTTTTTTTTTTTTTTTT MOQGAD      TELAPSE        3.36 TCPU        3.08
 TTTTTTTTTTTTTTTTTTTTTTTTTTTTTT SHELLXN     TELAPSE       33.95 TCPU       33.46
 TTTTTTTTTTTTTTTTTTTTTTTTTTTTTT MONMO3      TELAPSE       34.38 TCPU       33.89
 NUMERICALLY INTEGRATED DENSITY     55.9997899976
 TTTTTTTTTTTTTTTTTTTTTTTTTTTTTT NUMDFT      TELAPSE       34.71 TCPU       34.22
 CYC   0 ETOT(AU) -1.100441353329E+03 DETOT -1.10E+03 tst  0.00E+00 PX  1.00E+00
 TTTTTTTTTTTTTTTTTTTTTTTTTTTTTT DIIS        TELAPSE       34.72 TCPU       34.23
 TTTTTTTTTTTTTTTTTTTTTTTTTTTTTT FDIK        TELAPSE       34.98 TCPU       34.49
 INSULATING STATE
 TOP OF VALENCE BANDS -    BAND     28; K  260; EIG -3.4808909E-01 AU
 TOP OF VALENCE BANDS -    BAND     28; K    1; EIG -3.5572511E-01 AU
 BOTTOM OF VIRTUAL BANDS - BAND     29; K    1; EIG -8.3592995E-02 AU
 INDIRECT ENERGY BAND GAP:   7.1973 eV
 TTTTTTTTTTTTTTTTTTTTTTTTTTTTTT PDIG        TELAPSE       35.01 TCPU       34.52
 CHARGE NORMALIZATION FACTOR   1.00000000
 TOTAL ATOMIC CHARGES:
   8.1656858   9.4555679   9.4799094   9.4799055  19.4189314
 TTTTTTTTTTTTTTTTTTTTTTTTTTTTTT MOQGAD      TELAPSE       35.02 TCPU       34.52
 TTTTTTTTTTTTTTTTTTTTTTTTTTTTTT SHELLXN     TELAPSE       66.91 TCPU       66.20
 TTTTTTTTTTTTTTTTTTTTTTTTTTTTTT MONMO3      TELAPSE       67.34 TCPU       66.63
 NUMERICALLY INTEGRATED DENSITY     55.9997791494
 TTTTTTTTTTTTTTTTTTTTTTTTTTTTTT NUMDFT      TELAPSE       67.66 TCPU       66.95
 CYC   1 ETOT(AU) -1.100195526295E+03 DETOT  2.46E-01 tst  0.00E+00 PX  1.00E+00
 TTTTTTTTTTTTTTTTTTTTTTTTTTTTTT DIIS        TELAPSE       67.67 TCPU       66.96
 DIIS TEST: 0.19132E+01 AT SCF   CYCLE   1 - MIX   80 %
 TTTTTTTTTTTTTTTTTTTTTTTTTTTTTT FDIK        TELAPSE       67.81 TCPU       67.10
 INSULATING STATE
 TOP OF VALENCE BANDS -    BAND     28; K  260; EIG -2.6039405E-01 AU
 TOP OF VALENCE BANDS -    BAND     28; K    1; EIG -2.7553453E-01 AU
 BOTTOM OF VIRTUAL BANDS - BAND     29; K    1; EIG -1.0186767E-01 AU
 INDIRECT ENERGY BAND GAP:   4.3137 eV
 TTTTTTTTTTTTTTTTTTTTTTTTTTTTTT PDIG        TELAPSE       67.84 TCPU       67.13
 CHARGE NORMALIZATION FACTOR   1.00000000
 TOTAL ATOMIC CHARGES:
   8.2545362   9.1905557   9.2349363   9.2349787  20.0849930
 TTTTTTTTTTTTTTTTTTTTTTTTTTTTTT MOQGAD      TELAPSE       67.85 TCPU       67.13
 TTTTTTTTTTTTTTTTTTTTTTTTTTTTTT SHELLXN     TELAPSE       99.67 TCPU       98.75
 TTTTTTTTTTTTTTTTTTTTTTTTTTTTTT MONMO3      TELAPSE      100.09 TCPU       99.16
 NUMERICALLY INTEGRATED DENSITY     55.9997453641
 TTTTTTTTTTTTTTTTTTTTTTTTTTTTTT NUMDFT      TELAPSE      100.40 TCPU       99.48
 CYC   2 ETOT(AU) -1.100602574546E+03 DETOT -4.07E-01 tst  4.98E-03 PX  6.81E-02
 TTTTTTTTTTTTTTTTTTTTTTTTTTTTTT DIIS        TELAPSE      100.41 TCPU       99.49
 DIIS TEST: 0.35075E+00 AT SCF   CYCLE   2 - DIIS ACTIVE - HISTORY:     2 CYCLES
 TTTTTTTTTTTTTTTTTTTTTTTTTTTTTT FDIK        TELAPSE      100.54 TCPU       99.62
 INSULATING STATE
 TOP OF VALENCE BANDS -    BAND     28; K  260; EIG -1.5088652E-01 AU
 TOP OF VALENCE BANDS -    BAND     28; K    1; EIG -1.6816113E-01 AU
 BOTTOM OF VIRTUAL BANDS - BAND     29; K    1; EIG -2.4836292E-02 AU
 INDIRECT ENERGY BAND GAP:   3.4300 eV
 TTTTTTTTTTTTTTTTTTTTTTTTTTTTTT PDIG        TELAPSE      100.57 TCPU       99.65
 CHARGE NORMALIZATION FACTOR   1.00000000
 TOTAL ATOMIC CHARGES:
   8.3436446   9.0350906   9.0197777   9.0196975  20.5817895
 TTTTTTTTTTTTTTTTTTTTTTTTTTTTTT MOQGAD      TELAPSE      100.58 TCPU       99.65
 TTTTTTTTTTTTTTTTTTTTTTTTTTTTTT SHELLXN     TELAPSE      132.26 TCPU      131.13
 TTTTTTTTTTTTTTTTTTTTTTTTTTTTTT MONMO3      TELAPSE      132.67 TCPU      131.54
 NUMERICALLY INTEGRATED DENSITY     55.9997234504
 TTTTTTTTTTTTTTTTTTTTTTTTTTTTTT NUMDFT      TELAPSE      132.98 TCPU      131.84
 CYC   3 ETOT(AU) -1.100690179086E+03 DETOT -8.76E-02 tst  3.18E-03 PX  5.85E-02
 TTTTTTTTTTTTTTTTTTTTTTTTTTTTTT DIIS        TELAPSE      132.99 TCPU      131.85
 DIIS TEST: 0.74394E-02 AT SCF   CYCLE   3 - DIIS ACTIVE - HISTORY:     3 CYCLES
 TTTTTTTTTTTTTTTTTTTTTTTTTTTTTT FDIK        TELAPSE      133.11 TCPU      131.97
 INSULATING STATE
 TOP OF VALENCE BANDS -    BAND     28; K  260; EIG -1.5458759E-01 AU
 TOP OF VALENCE BANDS -    BAND     28; K    1; EIG -1.6790732E-01 AU
 BOTTOM OF VIRTUAL BANDS - BAND     29; K    1; EIG -3.9435090E-03 AU
 INDIRECT ENERGY BAND GAP:   4.0992 eV
 TTTTTTTTTTTTTTTTTTTTTTTTTTTTTT PDIG        TELAPSE      133.14 TCPU      132.00
 CHARGE NORMALIZATION FACTOR   1.00000000
 TOTAL ATOMIC CHARGES:
   8.3454245   9.0114843   9.1019618   9.1020125  20.4391168
 TTTTTTTTTTTTTTTTTTTTTTTTTTTTTT MOQGAD      TELAPSE      133.14 TCPU      132.01
 TTTTTTTTTTTTTTTTTTTTTTTTTTTTTT SHELLXN     TELAPSE      164.71 TCPU      163.37
 TTTTTTTTTTTTTTTTTTTTTTTTTTTTTT MONMO3      TELAPSE      165.11 TCPU      163.77
 NUMERICALLY INTEGRATED DENSITY     55.9997194389
 TTTTTTTTTTTTTTTTTTTTTTTTTTTTTT NUMDFT      TELAPSE      165.42 TCPU      164.07
 CYC   4 ETOT(AU) -1.100690409385E+03 DETOT -2.30E-04 tst  2.90E-04 PX  1.86E-02
 TTTTTTTTTTTTTTTTTTTTTTTTTTTTTT DIIS        TELAPSE      165.43 TCPU      164.08
 DIIS TEST: 0.80070E-02 AT SCF   CYCLE   4 - DIIS ACTIVE - HISTORY:     4 CYCLES
 TTTTTTTTTTTTTTTTTTTTTTTTTTTTTT FDIK        TELAPSE      165.55 TCPU      164.20
 INSULATING STATE
 TOP OF VALENCE BANDS -    BAND     28; K  260; EIG -1.4779952E-01 AU
 TOP OF VALENCE BANDS -    BAND     28; K    1; EIG -1.6347425E-01 AU
 BOTTOM OF VIRTUAL BANDS - BAND     29; K    1; EIG -7.6356756E-03 AU
 INDIRECT ENERGY BAND GAP:   3.8141 eV
 TTTTTTTTTTTTTTTTTTTTTTTTTTTTTT PDIG        TELAPSE      165.58 TCPU      164.23
 CHARGE NORMALIZATION FACTOR   1.00000000
 TOTAL ATOMIC CHARGES:
   8.3403735   9.0499085   9.0682722   9.0682704  20.4731755
 TTTTTTTTTTTTTTTTTTTTTTTTTTTTTT MOQGAD      TELAPSE      165.59 TCPU      164.24
 TTTTTTTTTTTTTTTTTTTTTTTTTTTTTT SHELLXN     TELAPSE      197.00 TCPU      195.44
 TTTTTTTTTTTTTTTTTTTTTTTTTTTTTT MONMO3      TELAPSE      197.37 TCPU      195.80
 NUMERICALLY INTEGRATED DENSITY     55.9997209135
 TTTTTTTTTTTTTTTTTTTTTTTTTTTTTT NUMDFT      TELAPSE      197.66 TCPU      196.09
 CYC   5 ETOT(AU) -1.100692310315E+03 DETOT -1.90E-03 tst  4.72E-05 PX  9.11E-03
 TTTTTTTTTTTTTTTTTTTTTTTTTTTTTT DIIS        TELAPSE      197.67 TCPU      196.10
 DIIS TEST: 0.56646E-03 AT SCF   CYCLE   5 - DIIS ACTIVE - HISTORY:     5 CYCLES
 TTTTTTTTTTTTTTTTTTTTTTTTTTTTTT FDIK        TELAPSE      197.80 TCPU      196.23
 INSULATING STATE
 TOP OF VALENCE BANDS -    BAND     28; K  260; EIG -1.4850043E-01 AU
 TOP OF VALENCE BANDS -    BAND     28; K    1; EIG -1.6426308E-01 AU
 BOTTOM OF VIRTUAL BANDS - BAND     29; K    1; EIG -1.0919961E-02 AU
 INDIRECT ENERGY BAND GAP:   3.7438 eV
 TTTTTTTTTTTTTTTTTTTTTTTTTTTTTT PDIG        TELAPSE      197.82 TCPU      196.26
 CHARGE NORMALIZATION FACTOR   1.00000000
 TOTAL ATOMIC CHARGES:
   8.3375602   9.0338098   9.0658016   9.0657826  20.4970458
 TTTTTTTTTTTTTTTTTTTTTTTTTTTTTT MOQGAD      TELAPSE      197.83 TCPU      196.26
 TTTTTTTTTTTTTTTTTTTTTTTTTTTTTT SHELLXN     TELAPSE      229.28 TCPU      227.50
 TTTTTTTTTTTTTTTTTTTTTTTTTTTTTT MONMO3      TELAPSE      229.64 TCPU      227.86
 NUMERICALLY INTEGRATED DENSITY     55.9997213454
 TTTTTTTTTTTTTTTTTTTTTTTTTTTTTT NUMDFT      TELAPSE      229.94 TCPU      228.16
 CYC   6 ETOT(AU) -1.100692431882E+03 DETOT -1.22E-04 tst  9.71E-06 PX  3.92E-03
 TTTTTTTTTTTTTTTTTTTTTTTTTTTTTT DIIS        TELAPSE      229.95 TCPU      228.16
 DIIS TEST: 0.55814E-04 AT SCF   CYCLE   6 - DIIS ACTIVE - HISTORY:     6 CYCLES
 TTTTTTTTTTTTTTTTTTTTTTTTTTTTTT FDIK        TELAPSE      230.07 TCPU      228.28
 INSULATING STATE
 TOP OF VALENCE BANDS -    BAND     28; K  260; EIG -1.4778394E-01 AU
 TOP OF VALENCE BANDS -    BAND     28; K    1; EIG -1.6347436E-01 AU
 BOTTOM OF VIRTUAL BANDS - BAND     29; K    1; EIG -9.0633605E-03 AU
 INDIRECT ENERGY BAND GAP:   3.7748 eV
 TTTTTTTTTTTTTTTTTTTTTTTTTTTTTT PDIG        TELAPSE      230.10 TCPU      228.31
 CHARGE NORMALIZATION FACTOR   1.00000000
 TOTAL ATOMIC CHARGES:
   8.3399609   9.0378681   9.0675511   9.0675571  20.4870628
 TTTTTTTTTTTTTTTTTTTTTTTTTTTTTT MOQGAD      TELAPSE      230.10 TCPU      228.31
 TTTTTTTTTTTTTTTTTTTTTTTTTTTTTT SHELLXN     TELAPSE      261.59 TCPU      259.60
 TTTTTTTTTTTTTTTTTTTTTTTTTTTTTT MONMO3      TELAPSE      261.94 TCPU      259.94
 NUMERICALLY INTEGRATED DENSITY     55.9997209752
 TTTTTTTTTTTTTTTTTTTTTTTTTTTTTT NUMDFT      TELAPSE      262.24 TCPU      260.24
 CYC   7 ETOT(AU) -1.100692448686E+03 DETOT -1.68E-05 tst  8.57E-07 PX  2.58E-03
 TTTTTTTTTTTTTTTTTTTTTTTTTTTTTT DIIS        TELAPSE      262.25 TCPU      260.25
 DIIS TEST: 0.43097E-05 AT SCF   CYCLE   7 - DIIS ACTIVE - HISTORY:     7 CYCLES
 TTTTTTTTTTTTTTTTTTTTTTTTTTTTTT FDIK        TELAPSE      262.38 TCPU      260.38
 INSULATING STATE
 TOP OF VALENCE BANDS -    BAND     28; K  260; EIG -1.4782799E-01 AU
 TOP OF VALENCE BANDS -    BAND     28; K    1; EIG -1.6354377E-01 AU
 BOTTOM OF VIRTUAL BANDS - BAND     29; K    1; EIG -9.3079704E-03 AU
 INDIRECT ENERGY BAND GAP:   3.7693 eV
 TTTTTTTTTTTTTTTTTTTTTTTTTTTTTT PDIG        TELAPSE      262.41 TCPU      260.41
 CHARGE NORMALIZATION FACTOR   1.00000000
 TOTAL ATOMIC CHARGES:
   8.3396241   9.0374958   9.0671411   9.0671259  20.4886131
 TTTTTTTTTTTTTTTTTTTTTTTTTTTTTT MOQGAD      TELAPSE      262.41 TCPU      260.41
 TTTTTTTTTTTTTTTTTTTTTTTTTTTTTT SHELLXN     TELAPSE      293.85 TCPU      291.64
 TTTTTTTTTTTTTTTTTTTTTTTTTTTTTT MONMO3      TELAPSE      294.23 TCPU      292.02
 NUMERICALLY INTEGRATED DENSITY     55.9997210635
 TTTTTTTTTTTTTTTTTTTTTTTTTTTTTT NUMDFT      TELAPSE      294.53 TCPU      292.31
 CYC   8 ETOT(AU) -1.100692449790E+03 DETOT -1.10E-06 tst  1.99E-08 PX  2.92E-04
 TTTTTTTTTTTTTTTTTTTTTTTTTTTTTT DIIS        TELAPSE      294.54 TCPU      292.32
 DIIS TEST: 0.24071E-06 AT SCF   CYCLE   8 - DIIS ACTIVE - HISTORY:     8 CYCLES
 TTTTTTTTTTTTTTTTTTTTTTTTTTTTTT FDIK        TELAPSE      294.67 TCPU      292.45
 INSULATING STATE
 TOP OF VALENCE BANDS -    BAND     28; K  260; EIG -1.4788528E-01 AU
 TOP OF VALENCE BANDS -    BAND     28; K    1; EIG -1.6359796E-01 AU
 BOTTOM OF VIRTUAL BANDS - BAND     29; K    1; EIG -9.3624649E-03 AU
 INDIRECT ENERGY BAND GAP:   3.7694 eV
 TTTTTTTTTTTTTTTTTTTTTTTTTTTTTT PDIG        TELAPSE      294.70 TCPU      292.48
 CHARGE NORMALIZATION FACTOR   1.00000000
 TOTAL ATOMIC CHARGES:
   8.3395025   9.0374083   9.0672123   9.0672244  20.4886526
 TTTTTTTTTTTTTTTTTTTTTTTTTTTTTT MOQGAD      TELAPSE      294.70 TCPU      292.49
 TTTTTTTTTTTTTTTTTTTTTTTTTTTTTT SHELLXN     TELAPSE      326.21 TCPU      323.78
 TTTTTTTTTTTTTTTTTTTTTTTTTTTTTT MONMO3      TELAPSE      326.58 TCPU      324.16
 NUMERICALLY INTEGRATED DENSITY     55.9997210718
 TTTTTTTTTTTTTTTTTTTTTTTTTTTTTT NUMDFT      TELAPSE      326.87 TCPU      324.44
 CYC   9 ETOT(AU) -1.100692449821E+03 DETOT -3.09E-08 tst  1.23E-09 PX  2.15E-04
 TTTTTTTTTTTTTTTTTTTTTTTTTTTTTT DIIS        TELAPSE      326.88 TCPU      324.45
 DIIS TEST: 0.64945E-07 AT SCF   CYCLE   9 - DIIS ACTIVE - HISTORY:     9 CYCLES
 TTTTTTTTTTTTTTTTTTTTTTTTTTTTTT FDIK        TELAPSE      327.00 TCPU      324.57
 INSULATING STATE
 TOP OF VALENCE BANDS -    BAND     28; K  260; EIG -1.4787085E-01 AU
 TOP OF VALENCE BANDS -    BAND     28; K    1; EIG -1.6358516E-01 AU
 BOTTOM OF VIRTUAL BANDS - BAND     29; K    1; EIG -9.3436992E-03 AU
 INDIRECT ENERGY BAND GAP:   3.7695 eV
 TTTTTTTTTTTTTTTTTTTTTTTTTTTTTT PDIG        TELAPSE      327.03 TCPU      324.60
 CHARGE NORMALIZATION FACTOR   1.00000000
 TOTAL ATOMIC CHARGES:
   8.3395316   9.0374585   9.0672252   9.0671899  20.4885948
 TTTTTTTTTTTTTTTTTTTTTTTTTTTTTT MOQGAD      TELAPSE      327.03 TCPU      324.60
 TTTTTTTTTTTTTTTTTTTTTTTTTTTTTT SHELLXN     TELAPSE      358.61 TCPU      355.98
 +++ ENERGIES IN A.U. +++
 ::: EXT EL-POLE                                  -1.4553591263443E+03
 ::: EXT EL-SPHEROPOLE                             1.3876838267798E+01
 ::: BIELET ZONE E-E                               1.7377661434661E+03
 ::: TOTAL E-E                                     2.9628385538963E+02
 ::: TOTAL E-N + N-E                              -2.2159696953222E+03
 ::: TOTAL N-N                                    -2.0750651051721E+02
 ::: KINETIC ENERGY                                1.0806218711542E+03
 ::: PSEUDO TOTAL   ENERGY                        -1.0465704792955E+03
 ::: VIRIAL COEFFICIENT                            1.0160076693824E+00
 TTTTTTTTTTTTTTTTTTTTTTTTTTTTTT MONMO3      TELAPSE      358.99 TCPU      356.35
 NUMERICALLY INTEGRATED DENSITY     55.9997210709
 EXCHANGE ENERGY: -0.519744177462E+02  CORRELATION ENERGY: -0.214755277925E+01
 TTTTTTTTTTTTTTTTTTTTTTTTTTTTTT NUMDFT      TELAPSE      359.28 TCPU      356.64
 CYC  10 ETOT(AU) -1.100692449821E+03 DETOT  2.43E-10 tst  5.65E-10 PX  2.15E-04

 == SCF ENDED - CONVERGENCE ON ENERGY      E(AU) -1.1006924498210E+03 CYCLES  10


 ENERGY EXPRESSION=HARTREE+FOCK EXCH*0.25000+(PBE        EXCH)*0.75000+PBE        CORR


 TOTAL ENERGY(DFT)(AU)( 10) -1.1006924498210E+03 DE 2.4E-10 tester 5.7E-10
 TTTTTTTTTTTTTTTTTTTTTTTTTTTTTT EDFT        TELAPSE      359.28 TCPU      356.64
 EIGENVECTORS IN FORTRAN UNIT  8
 TTTTTTTTTTTTTTTTTTTTTTTTTTTTTT END         TELAPSE      359.37 TCPU      356.73
 EEEEEEEEEE TERMINATION  DATE 26 03 2026 TIME 12:42:36.4
NODE    0 CPU TIME =       356.734
NODE    1 CPU TIME =       356.740
NODE    2 CPU TIME =       356.739
NODE    3 CPU TIME =       356.746
NODE    4 CPU TIME =       356.855
NODE    5 CPU TIME =       356.836
NODE    6 CPU TIME =       356.827
NODE    7 CPU TIME =       356.768
NODE    8 CPU TIME =       356.777
NODE    9 CPU TIME =       356.798
NODE   10 CPU TIME =       356.773
NODE   11 CPU TIME =       356.775
NODE   12 CPU TIME =       356.903
NODE   13 CPU TIME =       356.887
NODE   14 CPU TIME =       356.840
NODE   15 CPU TIME =       356.918
    TOTAL CPU TIME =      5708.915
------------------------------------------------------
Pcrystal finished normally
------------------------------------------------------
SCF wavefunction fort.9 saved as /home/sabine/BaTiO3_tetra/Alamode_oldPyro/polari/pesScan/pes_disp_-0.4_mode1.w
Date: 2026-03-26 12:42:36