Date: 2026-09-16 13:31:16
Running on: mylly1
Temporary directory: /chemtemp/sabine/30_mode12_2821201
Executable: /apps/chem/crystal/23-1.0.1/install/bin/Pcrystal
Output: /home/sabine/BaTiO3_tetra/Alamode_oldPyro/polari/pyroTemp/30_mode12.out
Input data 30_mode12.d12
converted and standardized from ase Atoms() object for BaTiO3 in space group 1
EXTERNAL
ENDGEOM 
256 6 
INPUT 
10. 0 2 2 2 1 0 
9.526986 427.845816 0 
4.487510 204.417530 0 
8.315930 293.605864 0 
4.292217 294.193316 0 
5.916108 112.550402 0 
2.874842 181.782621 0 
3.589465 -33.473174 0 
0 0 3 2.0 1.0 
2.3961900000 -5.9554766710 
2.2433050000 6.6805648241 
0.71740200000 -0.57055347037 
0 0 1 2.0 1.0 
0.27420073547 1.0000000000 
0 1 1 0.0 1.0 
0.13 1.0 1.0 
0 2 4 6.0 1.0 
2.9267420000 0.79815276764 
2.5207180000 -1.0707548832 
0.67578180854 0.34940781448 
0.31985844531 0.65041110673 
0 3 2 0.0 1.0 
0.966315 -0.908938 
0.893828 0.947240 
0 3 1 0.0 1.0 
0.273195 0.322057 
22 12 
0 0 8 2.0 1.0 
211575.69025 .23318151011E-03 
31714.945058 .18079690851E-02 
7217.5476543 .93984311352E-02 
2042.9394247 .38156853618E-01 
665.12896208 .12374757197 
238.74942264 .29208551143 
92.508691001 .41226800855 
36.403919209 .21090534061 
0 0 4 2.0 1.0 
232.72624607 -.24920140738E-01 
71.791209711 -.11746490087 
11.158534615 .56503342318 
4.6548135416 .56211101812 
0 0 2 2.0 1.0 
6.8034629174 -.23011425503 
1.1201076403 .72103186735 
0 0 1 2.0 1.0 
0.48080118839 1.0000000000 
0 0 1 0.0 1.0 
0.24 1.0 
0 1 1 0.0 1.0 
0.12 1.0 1.0 
0 2 6 6.0 1.0 
1063.1474732 .24690839320E-02 
251.56507061 .19773345523E-01 
80.408554854 .90987976672E-01 
29.768193269 .25559900413 
11.736830556 .40489386764 
4.7142375230 .23693402558 
0 2 3 6.0 1.0 
17.796803704 -.27878639615E-01 
2.4272698680 .55672914668 
0.96823445537 1.0055447350 
0 2 1 0.0 1.0 
0.37056694165 1.0000000000 
0 3 4 2.0 1.0 
37.713384723 .11513835092E-01 
10.692931184 .67246343996E-01 
3.6728446990 .21484207775 
1.3588590303 .38890892779 
0 3 1 0.0 1.0 
0.54 1.0 
0 3 1 0.0 1.0 
0.22 1.0 
8 7 
0 0 6 2.0 1.0 
27032.382631 0.21726302465E-03 
4052.3871392 0.16838662199E-02 
922.32722710 0.87395616265E-02 
261.24070989 0.35239968808E-01 
85.354641351 0.11153519115 
31.035035245 0.25588953961 
0 0 2 2.0 1.0 
12.271113873 0.39768730901 
4.9159842006 0.24627849430 
0 0 1 0.0 1.0 
0.90086482370 1.0000000000 
0 1 1 0.0 1.0 
0.25000000000 1.0 1.0 
0 2 4 4.0 1.0 
75.300554155 0.60685103418E-02 
17.743733858 0.41912575824E-01 
5.5355828651 0.16153841088 
2.0685535103 0.35706951311 
0 2 1 0.0 1.0 
0.78238772422 1.0000000000 
0 3 1 0.0 1.0 
1.2000000000 1.0000000000 
99 0 
ENDBAS 
DFT 
PBE0 
ENDDFT 
SHRINK 
0 8 
8 8 8 
TOLINTEG 
8 8 8 8 16 
MAXCYCLE 
100 
FMIXING 
80 
EXCHSIZE 
30000000 
BIPOSIZE 
30000000 
ENDEXTERNAL geometry 30_mode12.ext is available as /chemtemp/sabine/30_mode12_2821201/fort.34
 PROCESS            1  OF           16  WORKING
 PROCESS            2  OF           16  WORKING
 PROCESS            3  OF           16  WORKING
 PROCESS           12  OF           16  WORKING
 PROCESS           13  OF           16  WORKING
 PROCESS           14  OF           16  WORKING
 PROCESS           15  OF           16  WORKING
 PROCESS            0  OF           16  WORKING
 PROCESS            5  OF           16  WORKING
 PROCESS            6  OF           16  WORKING
 PROCESS            7  OF           16  WORKING
 PROCESS            8  OF           16  WORKING
 PROCESS            9  OF           16  WORKING
 PROCESS           10  OF           16  WORKING
 PROCESS           11  OF           16  WORKING

         
 *******************************************************************************
 *                                                                             *
 *                               CRYSTAL23                                     *
 *                      public : 1.0.1 - October 2022                          *
 *                       HTTP://WWW.CRYSTAL.UNITO.IT                           *
 *                                                                             *
 *                              MAIN AUTHORS                                   *
 *                                                                             *
 *  R. DOVESI(1,11), V.R. SAUNDERS(2), C. ROETTI(1,11), R. ORLANDO(1,11),      *
 *  C.M. ZICOVICH-WILSON(1,3), F. PASCALE(4), B. CIVALLERI(1,11),              *
 *  K. DOLL(5), N.M. HARRISON(6), I.J. BUSH(7), Ph. D'ARCO(8),                 *
 *  M. LLUNELL(9), M. CAUSA'(10), Y. NOEL(8), L. MASCHIO(1,11), A. ERBA(1,11)  *
 *  M. RE'RAT(14), S. CASASSA(1,11), B.G. SEARLE(2), J.K. DESMARAIS(1)         *
 *                                                                             *
 *        CONTRIBUTIONS TO THE CODE HAVE ALSO BEEN GIVEN BY                    *
 *                                                                             *
 *  M. FERRABONE(1,11), M. DE LA PIERRE(1,11), M. FERRERO(1,11),               *
 *  J. BAIMA(1,11), E. ALBANESE(1,11), M.F. PEINTINGER(12), R. BAST(13),       *
 *  B. KIRTMAN(15), V. LACIVITA(1,11), R. DEMICHELIS(1,16)                     *
 *  G. BRANDEBURG(17), S. SALUSTRO(1,11), G. SANSONE(1,11)                     *
 *  M.T. RUGGIERO(18), L.E. DAGA(1), L. DONA'(1), A. COSSARD(1)                *
 *                                                                             *
 * (1) THEORETICAL CHEMISTRY GROUP - UNIVERSITA' DI TORINO - TORINO (ITALY)    *
 * (2) SCIENTIFIC COMPUTING DEPARTMENT - STFC DARESBURY (UK)                   *
 * (3) UNIVERSIDAD AUTONOMA DEL ESTADO DE MORELOS - CUERNAVACA (MEXICO)        *
 * (4) UNIVERSITE' DE LORRAINE - NANCY (FRANCE)                                *
 * (5) UNIVERSITAET STUTTGART- STUTTGART (GERMANY)                             *
 * (6) IMPERIAL COLLEGE - LONDON (UK)                                          *
 * (7) SCIENTIFIC COMPUTING DEPARTMENT - STFC RAL (UK)                         *
 * (8) UPMC - SORBONNE UNIVERSITES - PARIS (FRANCE)                            *
 * (9) UNIVERSIDAD DE BARCELONA - BARCELONA (SPAIN)                            *
 *(10) UNIVERSITA' DI NAPOLI "FEDERICO II" - NAPOLI (ITALY)                    *
 *(11) NIS - NANOSTRUCTURED INTERFACES AND SURFACES - TORINO (ITALY)           *
 *(12) MPI FUER CHEMISCHE ENERGIEKONVERSION - MUELHEIM AN DER RUHR (GERMANY)   *
 *(13) UNIVERSITY OF TROMSO - TROMSO (NORWAY)                                  *
 *(14) UNIVERSITE' DE PAU ET DES PAYS DE L'ADOUR - PAU (FRANCE)                *
 *(15) UNIVERSITY OF CALIFORNIA SANTA BARBARA - SANTA BARBARA (USA)            *
 *(16) CURTIN UNIVERSITY - PERTH (AUSTRALIA)                                   *
 *(17) UNIVERSITY COLLEGE LONDON - LONDON (UK)                                 *
 *(18) UNIVERSITY OF VERMONT - BURLINGTON (USA)                                *
 *                                                                             *
 *******************************************************************************
 EEEEEEEEEE STARTING  DATE 16 09 2026 TIME 13:31:16.7
 converted and standardized from ase Atoms() object for BaTiO3 in space group 1  
 PROCESS            4  OF           16  WORKING
 filename=fort.34                        0           0

 GEOMETRY INPUT FROM EXTERNAL FILE (FORTRAN UNIT 34)
 3D - CRYSTAL 

 *******************************************************************************
 LATTICE PARAMETERS  (ANGSTROMS AND DEGREES) - PRIMITIVE CELL
       A          B          C        ALPHA      BETA     GAMMA        VOLUME
    3.96924    3.96924    4.09160    90.00000  90.00000  90.00000     64.462730
 INFORMATION **** CHKGRP **** SPGR WITH NO INVERSION

 NUMBER OF IRREDUCIBLE ATOMS IN THE CELL:    5

 CARTESIAN COORDINATES (ANGSTROM) - IRREDUCIBLE ATOMS AND SYMMETRY RELATED

 AT.IRR.  AT  AT.N.          X                   Y                   Z
     1     1   256   -9.488217311000E-07  6.085389563100E-06  2.316780963364E-02
     2     2     8    1.984644859179E+00  1.984492908845E+00  3.945927451885E+00
     3     3     8    1.984606433696E+00 -1.679526463790E-05  1.924411595912E+00
     4     4     8    1.013060856490E-05  1.984676022574E+00  1.924280227973E+00
     5     5    22    1.984622666083E+00  1.984641266052E+00  2.201622133699E+00
 NUMBER OF SYMMETRY OPERATORS         :    1
 *******************************************************************************
 LATTICE PARAMETERS (ANGSTROMS AND DEGREES) - BOHR = 0.5291772083 ANGSTROM
 PRIMITIVE CELL - CENTRING CODE 1/0 VOLUME=    64.462730 - DENSITY  6.022 g/cm^3
         A              B              C           ALPHA      BETA       GAMMA 
     3.96924435     3.96924435     4.09159860    90.000000  90.000000  90.000000
 *******************************************************************************
 ATOMS IN THE ASYMMETRIC UNIT    5 - ATOMS IN THE UNIT CELL:    5
     ATOM                 X/A                 Y/B                 Z/C    
 *******************************************************************************
      1 T 256 BA   -2.390434166896E-07  1.533135535760E-06  5.662287995123E-03
      2 T   8 O    -4.999942850131E-01  4.999674330568E-01 -3.560250218961E-02
      3 T   8 O     4.999960341812E-01 -4.231350644336E-06  4.703324504783E-01
      4 T   8 O     2.552276370917E-06 -4.999864337972E-01  4.703003437269E-01
      5 T  22 TI   -4.999998762780E-01 -4.999951902553E-01 -4.619163928498E-01

 T = ATOM BELONGING TO THE ASYMMETRIC UNIT
 *******************************************************************************
 * GEOMETRY EDITING - INPUT COORDINATES ARE GIVEN IN ANGSTROM         
 *******************************************************************************

 GCALCO - MAX INDICES DIRECT LATTICE VECTOR    15    15    14
 NO.OF VECTORS CREATED 6999 STARS  514 RMAX    90.00942 BOHR

 GEOMETRY FOR WAVE FUNCTION - DIMENSIONALITY OF THE SYSTEM    3
 (NON PERIODIC DIRECTION: LATTICE PARAMETER FORMALLY SET TO 500)
 *******************************************************************************
 LATTICE PARAMETERS (ANGSTROMS AND DEGREES) - BOHR = 0.5291772083 ANGSTROM
 PRIMITIVE CELL - CENTRING CODE 1/0 VOLUME=    64.462730 - DENSITY  6.022 g/cm^3
         A              B              C           ALPHA      BETA       GAMMA 
     3.96924435     3.96924435     4.09159860    90.000000  90.000000  90.000000
 *******************************************************************************
 ATOMS IN THE ASYMMETRIC UNIT    5 - ATOMS IN THE UNIT CELL:    5
     ATOM                 X/A                 Y/B                 Z/C    
 *******************************************************************************
      1 T 256 BA   -2.390434166896E-07  1.533135535760E-06  5.662287995123E-03
      2 T   8 O    -4.999942850131E-01  4.999674330568E-01 -3.560250218961E-02
      3 T   8 O     4.999960341812E-01 -4.231350644336E-06  4.703324504783E-01
      4 T   8 O     2.552276370917E-06 -4.999864337972E-01  4.703003437269E-01
      5 T  22 TI   -4.999998762780E-01 -4.999951902553E-01 -4.619163928498E-01

 T = ATOM BELONGING TO THE ASYMMETRIC UNIT

 ****    1 SYMMOPS - TRANSLATORS IN FRACTIONAL UNITS
 **** MATRICES AND TRANSLATORS IN THE CRYSTALLOGRAPHIC REFERENCE FRAME
   V INV                    ROTATION MATRICES                   TRANSLATORS
   1   1  1.00  0.00  0.00  0.00  1.00  0.00  0.00  0.00  1.00  0.00  0.00  0.00

 DIRECT LATTICE VECTORS CARTESIAN COMPONENTS (ANGSTROM)
          X                    Y                    Z
   0.396924435000E+01   0.000000000000E+00   0.000000000000E+00
   0.000000000000E+00   0.396924435000E+01   0.000000000000E+00
   0.000000000000E+00   0.000000000000E+00   0.409159860000E+01


 CARTESIAN COORDINATES - PRIMITIVE CELL
 *******************************************************************************
 *      ATOM          X(ANGSTROM)         Y(ANGSTROM)         Z(ANGSTROM)
 *******************************************************************************
    1   256 BA   -9.488217311000E-07  6.085389563100E-06  2.316780963364E-02
    2     8 O     1.984644859179E+00  1.984492908845E+00  3.945927451885E+00
    3     8 O     1.984606433696E+00 -1.679526463790E-05  1.924411595912E+00
    4     8 O     1.013060856490E-05  1.984676022574E+00  1.924280227973E+00
    5    22 TI    1.984622666083E+00  1.984641266052E+00  2.201622133699E+00

 *******************************************************************************
 *** PSEUDOPOTENTIAL INFORMATION ***
 *******************************************************************************

 ATOMIC NUMBER  56, NUCLEAR CHARGE 10.000, GIVEN IN INPUT       PSEUDOPOTENTIAL
   TYPE       EXPONENT      COEFF.    N      EXPONENT      COEFF.    N
  P0 TMS     9.5269860  427.8458160   0     4.4875100  204.4175300   0
  P1 TMS     8.3159300  293.6058640   0     4.2922170  294.1933160   0
  P2 TMS     5.9161080  112.5504020   0     2.8748420  181.7826210   0
  P3 TMS     3.5894650  -33.4731740   0

 *******************************************************************************
 LOCAL ATOMIC FUNCTIONS BASIS SET
 *******************************************************************************
   ATOM   X(AU)   Y(AU)   Z(AU)  N. TYPE  EXPONENT  S COEF   P COEF   D/F/G COEF
 *******************************************************************************
   1 BA  -0.000   0.000   0.044
                                  1 S  
                                         2.396E+00-5.955E+00 0.000E+00 0.000E+00
                                         2.243E+00 6.681E+00 0.000E+00 0.000E+00
                                         7.174E-01-5.706E-01 0.000E+00 0.000E+00
                                  2 S  
                                         2.742E-01 1.000E+00 0.000E+00 0.000E+00
                           3-     6 SP 
                                         1.300E-01 1.000E+00 1.000E+00 0.000E+00
                           7-     9 P  
                                         2.927E+00 0.000E+00 7.982E-01 0.000E+00
                                         2.521E+00 0.000E+00-1.071E+00 0.000E+00
                                         6.758E-01 0.000E+00 3.494E-01 0.000E+00
                                         3.199E-01 0.000E+00 6.504E-01 0.000E+00
                          10-    14 D  
                                         9.663E-01 0.000E+00 0.000E+00-9.089E-01
                                         8.938E-01 0.000E+00 0.000E+00 9.472E-01
                          15-    19 D  
                                         2.732E-01 0.000E+00 0.000E+00 3.221E-01
   2 O    3.750   3.750   7.457
                                 20 S  
                                         2.703E+04 2.173E-04 0.000E+00 0.000E+00
                                         4.052E+03 1.684E-03 0.000E+00 0.000E+00
                                         9.223E+02 8.740E-03 0.000E+00 0.000E+00
                                         2.612E+02 3.524E-02 0.000E+00 0.000E+00
                                         8.535E+01 1.115E-01 0.000E+00 0.000E+00
                                         3.104E+01 2.559E-01 0.000E+00 0.000E+00
                                 21 S  
                                         1.227E+01 3.977E-01 0.000E+00 0.000E+00
                                         4.916E+00 2.463E-01 0.000E+00 0.000E+00
                                 22 S  
                                         9.009E-01 1.000E+00 0.000E+00 0.000E+00
                          23-    26 SP 
                                         2.500E-01 1.000E+00 1.000E+00 0.000E+00
                          27-    29 P  
                                         7.530E+01 0.000E+00 6.069E-03 0.000E+00
                                         1.774E+01 0.000E+00 4.191E-02 0.000E+00
                                         5.536E+00 0.000E+00 1.615E-01 0.000E+00
                                         2.069E+00 0.000E+00 3.571E-01 0.000E+00
                          30-    32 P  
                                         7.824E-01 0.000E+00 1.000E+00 0.000E+00
                          33-    37 D  
                                         1.200E+00 0.000E+00 0.000E+00 1.000E+00
   3 O    3.750  -0.000   3.637
   4 O    0.000   3.750   3.636
   5 TI   3.750   3.750   4.160
                                 74 S  
                                         2.116E+05 2.332E-04 0.000E+00 0.000E+00
                                         3.171E+04 1.808E-03 0.000E+00 0.000E+00
                                         7.218E+03 9.398E-03 0.000E+00 0.000E+00
                                         2.043E+03 3.816E-02 0.000E+00 0.000E+00
                                         6.651E+02 1.237E-01 0.000E+00 0.000E+00
                                         2.387E+02 2.921E-01 0.000E+00 0.000E+00
                                         9.251E+01 4.123E-01 0.000E+00 0.000E+00
                                         3.640E+01 2.109E-01 0.000E+00 0.000E+00
                                 75 S  
                                         2.327E+02-2.492E-02 0.000E+00 0.000E+00
                                         7.179E+01-1.175E-01 0.000E+00 0.000E+00
                                         1.116E+01 5.650E-01 0.000E+00 0.000E+00
                                         4.655E+00 5.621E-01 0.000E+00 0.000E+00
                                 76 S  
                                         6.803E+00-2.301E-01 0.000E+00 0.000E+00
                                         1.120E+00 7.210E-01 0.000E+00 0.000E+00
                                 77 S  
                                         4.808E-01 1.000E+00 0.000E+00 0.000E+00
                                 78 S  
                                         2.400E-01 1.000E+00 0.000E+00 0.000E+00
                          79-    82 SP 
                                         1.200E-01 1.000E+00 1.000E+00 0.000E+00
                          83-    85 P  
                                         1.063E+03 0.000E+00 2.469E-03 0.000E+00
                                         2.516E+02 0.000E+00 1.977E-02 0.000E+00
                                         8.041E+01 0.000E+00 9.099E-02 0.000E+00
                                         2.977E+01 0.000E+00 2.556E-01 0.000E+00
                                         1.174E+01 0.000E+00 4.049E-01 0.000E+00
                                         4.714E+00 0.000E+00 2.369E-01 0.000E+00
                          86-    88 P  
                                         1.780E+01 0.000E+00-2.788E-02 0.000E+00
                                         2.427E+00 0.000E+00 5.567E-01 0.000E+00
                                         9.682E-01 0.000E+00 1.006E+00 0.000E+00
                          89-    91 P  
                                         3.706E-01 0.000E+00 1.000E+00 0.000E+00
                          92-    96 D  
                                         3.771E+01 0.000E+00 0.000E+00 1.151E-02
                                         1.069E+01 0.000E+00 0.000E+00 6.725E-02
                                         3.673E+00 0.000E+00 0.000E+00 2.148E-01
                                         1.359E+00 0.000E+00 0.000E+00 3.889E-01
                          97-   101 D  
                                         5.400E-01 0.000E+00 0.000E+00 1.000E+00
                         102-   106 D  
                                         2.200E-01 0.000E+00 0.000E+00 1.000E+00
 INFORMATION **** SET_MPP **** PCRYSTAL CALCULATION
 INFORMATION **** READM2 **** NEW DEFAULT: FOCK/KS MATRIX MIXING SET TO 30 %
 INFORMATION **** READM2 **** NEW DEFAULT: FULL DIRECT SCF MODE
 INFORMATION **** READM2 **** NEW DEFAULT: COULOMB BIPOLAR BUFFER SET TO 32 Mb
 INFORMATION **** READM2 **** NEW DEFAULT: EXCHANGE BIPOLAR BUFFER SET TO 32 Mb

 *******************************************************************************
 NEW DEFAULT: DFT INTEGRATION GRID INCREASED TO XLGRID
 NEW DEFAULT: DIIS ACCELERATOR ACTIVE
 USE KEYWORD NODIIS TO TURN IT OFF
 *******************************************************************************

 INFORMATION **** TOLINTEG **** COULOMB AND EXCHANGE SERIES TOLERANCES MODIFIED
 INFORMATION **** MAXCYCLE **** MAX NUMBER OF SCF CYCLES SET TO         100
 INFORMATION **** EXCHSIZE **** EXCHANGE BIPOLAR BUFFER SIZE SET TO    30000000
 INFORMATION **** BIPOSIZE **** COULOMB BIPOLAR BUFFER SET TO    30000000
 *******************************************************************************
 N. OF ATOMS PER CELL         5  COULOMB OVERLAP TOL         (T1) 10**   -8
 NUMBER OF SHELLS            39  COULOMB PENETRATION TOL     (T2) 10**   -8
 NUMBER OF AO               106  EXCHANGE OVERLAP TOL        (T3) 10**   -8
 N. OF ELECTRONS PER CELL    56  EXCHANGE PSEUDO OVP (F(G))  (T4) 10**   -8
 CORE ELECTRONS PER CELL     24  EXCHANGE PSEUDO OVP (P(G))  (T5) 10**  -16
 N. OF SYMMETRY OPERATORS     1  POLE ORDER IN MONO ZONE                  4
 *******************************************************************************
 TYPE OF CALCULATION :  RESTRICTED CLOSED SHELL
 KOHN-SHAM HAMILTONIAN

 (EXCHANGE)[CORRELATION] FUNCTIONAL:(PERDEW-BURKE-ERNZERHOF)[PERDEW-BURKE-ERNZERHOF]


 HYBRID EXCHANGE - PERCENTAGE OF FOCK EXCHANGE    25.0000
 CORE  PSEUDO POTENTIAL         TOL. ON PSEUDO              (TP) 10**- 6

 CAPPA:IS1  8;IS2  8;IS3  8; K PTS MONK NET 260; SYMMOPS:K SPACE   2;G SPACE   1

 *******************************************************************************
 MAX NUMBER OF SCF CYCLES     100  CONVERGENCE ON DELTAP        10**-16
 WEIGHT OF F(I) IN F(I+1)      80% CONVERGENCE ON ENERGY        10**- 6
 SHRINK. FACT.(MONKH.)    8  8  8  NUMBER OF K POINTS IN THE IBZ    260
 SHRINKING FACTOR(GILAT NET)    8  NUMBER OF K POINTS(GILAT NET)    260
 *******************************************************************************
 *** K POINTS COORDINATES (OBLIQUE COORDINATES IN UNITS OF IS =  8)
   1-R(  0  0  0)   2-C(  1  0  0)   3-C(  2  0  0)   4-C(  3  0  0)
   5-R(  4  0  0)   6-C(  0  1  0)   7-C(  1  1  0)   8-C(  2  1  0)
   9-C(  3  1  0)  10-C(  4  1  0)  11-C(  5  1  0)  12-C(  6  1  0)
  13-C(  7  1  0)  14-C(  0  2  0)  15-C(  1  2  0)  16-C(  2  2  0)
  17-C(  3  2  0)  18-C(  4  2  0)  19-C(  5  2  0)  20-C(  6  2  0)
  21-C(  7  2  0)  22-C(  0  3  0)  23-C(  1  3  0)  24-C(  2  3  0)
  25-C(  3  3  0)  26-C(  4  3  0)  27-C(  5  3  0)  28-C(  6  3  0)
  29-C(  7  3  0)  30-R(  0  4  0)  31-C(  1  4  0)  32-C(  2  4  0)
  33-C(  3  4  0)  34-R(  4  4  0)  35-C(  0  0  1)  36-C(  1  0  1)
  37-C(  2  0  1)  38-C(  3  0  1)  39-C(  4  0  1)  40-C(  5  0  1)
  41-C(  6  0  1)  42-C(  7  0  1)  43-C(  0  1  1)  44-C(  1  1  1)
  45-C(  2  1  1)  46-C(  3  1  1)  47-C(  4  1  1)  48-C(  5  1  1)
  49-C(  6  1  1)  50-C(  7  1  1)  51-C(  0  2  1)  52-C(  1  2  1)
  53-C(  2  2  1)  54-C(  3  2  1)  55-C(  4  2  1)  56-C(  5  2  1)
  57-C(  6  2  1)  58-C(  7  2  1)  59-C(  0  3  1)  60-C(  1  3  1)
  61-C(  2  3  1)  62-C(  3  3  1)  63-C(  4  3  1)  64-C(  5  3  1)
  65-C(  6  3  1)  66-C(  7  3  1)  67-C(  0  4  1)  68-C(  1  4  1)
  69-C(  2  4  1)  70-C(  3  4  1)  71-C(  4  4  1)  72-C(  5  4  1)
  73-C(  6  4  1)  74-C(  7  4  1)  75-C(  0  5  1)  76-C(  1  5  1)
  77-C(  2  5  1)  78-C(  3  5  1)  79-C(  4  5  1)  80-C(  5  5  1)
  81-C(  6  5  1)  82-C(  7  5  1)  83-C(  0  6  1)  84-C(  1  6  1)
  85-C(  2  6  1)  86-C(  3  6  1)  87-C(  4  6  1)  88-C(  5  6  1)
  89-C(  6  6  1)  90-C(  7  6  1)  91-C(  0  7  1)  92-C(  1  7  1)
  93-C(  2  7  1)  94-C(  3  7  1)  95-C(  4  7  1)  96-C(  5  7  1)
  97-C(  6  7  1)  98-C(  7  7  1)  99-C(  0  0  2) 100-C(  1  0  2)
 101-C(  2  0  2) 102-C(  3  0  2) 103-C(  4  0  2) 104-C(  5  0  2)
 105-C(  6  0  2) 106-C(  7  0  2) 107-C(  0  1  2) 108-C(  1  1  2)
 109-C(  2  1  2) 110-C(  3  1  2) 111-C(  4  1  2) 112-C(  5  1  2)
 113-C(  6  1  2) 114-C(  7  1  2) 115-C(  0  2  2) 116-C(  1  2  2)
 117-C(  2  2  2) 118-C(  3  2  2) 119-C(  4  2  2) 120-C(  5  2  2)
 121-C(  6  2  2) 122-C(  7  2  2) 123-C(  0  3  2) 124-C(  1  3  2)
 125-C(  2  3  2) 126-C(  3  3  2) 127-C(  4  3  2) 128-C(  5  3  2)
 129-C(  6  3  2) 130-C(  7  3  2) 131-C(  0  4  2) 132-C(  1  4  2)
 133-C(  2  4  2) 134-C(  3  4  2) 135-C(  4  4  2) 136-C(  5  4  2)
 137-C(  6  4  2) 138-C(  7  4  2) 139-C(  0  5  2) 140-C(  1  5  2)
 141-C(  2  5  2) 142-C(  3  5  2) 143-C(  4  5  2) 144-C(  5  5  2)
 145-C(  6  5  2) 146-C(  7  5  2) 147-C(  0  6  2) 148-C(  1  6  2)
 149-C(  2  6  2) 150-C(  3  6  2) 151-C(  4  6  2) 152-C(  5  6  2)
 153-C(  6  6  2) 154-C(  7  6  2) 155-C(  0  7  2) 156-C(  1  7  2)
 157-C(  2  7  2) 158-C(  3  7  2) 159-C(  4  7  2) 160-C(  5  7  2)
 161-C(  6  7  2) 162-C(  7  7  2) 163-C(  0  0  3) 164-C(  1  0  3)
 165-C(  2  0  3) 166-C(  3  0  3) 167-C(  4  0  3) 168-C(  5  0  3)
 169-C(  6  0  3) 170-C(  7  0  3) 171-C(  0  1  3) 172-C(  1  1  3)
 173-C(  2  1  3) 174-C(  3  1  3) 175-C(  4  1  3) 176-C(  5  1  3)
 177-C(  6  1  3) 178-C(  7  1  3) 179-C(  0  2  3) 180-C(  1  2  3)
 181-C(  2  2  3) 182-C(  3  2  3) 183-C(  4  2  3) 184-C(  5  2  3)
 185-C(  6  2  3) 186-C(  7  2  3) 187-C(  0  3  3) 188-C(  1  3  3)
 189-C(  2  3  3) 190-C(  3  3  3) 191-C(  4  3  3) 192-C(  5  3  3)
 193-C(  6  3  3) 194-C(  7  3  3) 195-C(  0  4  3) 196-C(  1  4  3)
 197-C(  2  4  3) 198-C(  3  4  3) 199-C(  4  4  3) 200-C(  5  4  3)
 201-C(  6  4  3) 202-C(  7  4  3) 203-C(  0  5  3) 204-C(  1  5  3)
 205-C(  2  5  3) 206-C(  3  5  3) 207-C(  4  5  3) 208-C(  5  5  3)
 209-C(  6  5  3) 210-C(  7  5  3) 211-C(  0  6  3) 212-C(  1  6  3)
 213-C(  2  6  3) 214-C(  3  6  3) 215-C(  4  6  3) 216-C(  5  6  3)
 217-C(  6  6  3) 218-C(  7  6  3) 219-C(  0  7  3) 220-C(  1  7  3)
 221-C(  2  7  3) 222-C(  3  7  3) 223-C(  4  7  3) 224-C(  5  7  3)
 225-C(  6  7  3) 226-C(  7  7  3) 227-R(  0  0  4) 228-C(  1  0  4)
 229-C(  2  0  4) 230-C(  3  0  4) 231-R(  4  0  4) 232-C(  0  1  4)
 233-C(  1  1  4) 234-C(  2  1  4) 235-C(  3  1  4) 236-C(  4  1  4)
 237-C(  5  1  4) 238-C(  6  1  4) 239-C(  7  1  4) 240-C(  0  2  4)
 241-C(  1  2  4) 242-C(  2  2  4) 243-C(  3  2  4) 244-C(  4  2  4)
 245-C(  5  2  4) 246-C(  6  2  4) 247-C(  7  2  4) 248-C(  0  3  4)
 249-C(  1  3  4) 250-C(  2  3  4) 251-C(  3  3  4) 252-C(  4  3  4)
 253-C(  5  3  4) 254-C(  6  3  4) 255-C(  7  3  4) 256-R(  0  4  4)
 257-C(  1  4  4) 258-C(  2  4  4) 259-C(  3  4  4) 260-R(  4  4  4)

 DIRECT LATTICE VECTORS COMPON. (A.U.)     RECIP. LATTICE VECTORS COMPON. (A.U.) 
        X            Y            Z              X            Y            Z
    7.5007848    0.0000000    0.0000000      0.8376704    0.0000000    0.0000000
    0.0000000    7.5007848    0.0000000      0.0000000    0.8376704    0.0000000
    0.0000000    0.0000000    7.7320008      0.0000000    0.0000000    0.8126209

 DISK SPACE FOR EIGENVECTORS (FTN 10)     5752832 REALS

 SYMMETRY ADAPTION OF THE BLOCH FUNCTIONS DISABLED
 TTTTTTTTTTTTTTTTTTTTTTTTTTTTTT gordsh1     TELAPSE        0.45 TCPU        0.20

 MATRIX SIZE: P(G)  262356, F(G)   46814, P(G) IRR  136848, F(G) IRR   48322
 MAX G-VECTOR INDEX FOR 1- AND 2-ELECTRON INTEGRALS 245

 TTTTTTTTTTTTTTTTTTTTTTTTTTTTTT INPUT       TELAPSE        0.45 TCPU        0.20

 NEIGHBORS OF THE NON-EQUIVALENT ATOMS

 N = NUMBER OF NEIGHBORS AT DISTANCE R
    ATOM  N     R/ANG      R/AU   NEIGHBORS (ATOM LABELS AND CELL INDICES)
   1 BA   1     2.7482     5.1934    4 O    0-1 0
   1 BA   1     2.7483     5.1935    4 O    0 0 0
   1 BA   1     2.7483     5.1936    3 O    0 0 0
   1 BA   1     2.7484     5.1937    3 O   -1 0 0
   1 BA   1     2.8116     5.3132    2 O   -1 0-1
   1 BA   1     2.8117     5.3133    2 O    0 0-1

   2 O    1     1.7443     3.2963    5 TI   0 0 0
   2 O    1     2.3473     4.4357    5 TI   0 0 1
   2 O    1     2.8116     5.3132    1 BA   1 0 1
   2 O    1     2.8117     5.3133    1 BA   0 0 1
   2 O    1     2.8118     5.3136    1 BA   1 1 1
   2 O    1     2.8119     5.3137    1 BA   0 1 1

   3 O    1     2.0039     3.7867    5 TI   0-1 0
   3 O    1     2.0039     3.7869    5 TI   0 0 0
   3 O    1     2.7483     5.1936    1 BA   0 0 0
   3 O    1     2.7484     5.1937    1 BA   1 0 0
   3 O    1     2.8066     5.3037    4 O    0-1 0
   3 O    1     2.8066     5.3038    4 O    1-1 0

   4 O    1     2.0039     3.7868    5 TI   0 0 0
   4 O    1     2.0039     3.7869    5 TI  -1 0 0
   4 O    1     2.7482     5.1934    1 BA   0 1 0
   4 O    1     2.7483     5.1935    1 BA   0 0 0
   4 O    1     2.8066     5.3037    3 O    0 1 0
   4 O    1     2.8066     5.3038    3 O   -1 1 0

   5 TI   1     1.7443     3.2963    2 O    0 0 0
   5 TI   1     2.0039     3.7867    3 O    0 1 0
   5 TI   1     2.0039     3.7868    4 O    0 0 0
   5 TI   1     2.0039     3.7869    4 O    1 0 0
   5 TI   1     2.0039     3.7869    3 O    0 0 0
   5 TI   1     2.3473     4.4357    2 O    0 0-1


 SYMMETRY ALLOWED INTERNAL DEGREE(S) OF FREEDOM:  12
 TTTTTTTTTTTTTTTTTTTTTTTTTTTTTT SYMM        TELAPSE        0.45 TCPU        0.20
 TTTTTTTTTTTTTTTTTTTTTTTTTTTTTT INT_SCREEN  TELAPSE        0.46 TCPU        0.20

 DFT PARAMETERS

     ATOM       ELECTRONS   NET CHARGE   R(ANGSTROM)
   1 256  BA     10.0000      0.0000     2.24000000
   2   8  O       8.0000      0.0000     0.74000000
   5  22  TI     22.0000      0.0000     1.47000000

 SIZE OF GRID=     105175
 TTTTTTTTTTTTTTTTTTTTTTTTTTTTTT MAKE_GRID2  TELAPSE        2.85 TCPU        2.58
 BECKE WEIGHT FUNCTION
 RADSAFE =     2.00
 TOLERANCES - DENSITY:10**- 6; POTENTIAL:10**- 9; GRID WGT:10**-14

 RADIAL INTEGRATION  - INTERVALS (POINTS,UPPER LIMIT):            1( 75,  4.0*R)

 ANGULAR INTEGRATION - INTERVALS (ACCURACY LEVEL [N. POINTS] UPPER LIMIT):
  1(  4[  86]   0.2)  2(  8[ 194]   0.5)  3( 12[ 350]   0.9)  4( 16[ 974]   3.5)
  5( 12[ 350]9999.0)
 TTTTTTTTTTTTTTTTTTTTTTTTTTTTTT INT_CALC    TELAPSE        2.87 TCPU        2.60
 EEEEEEEEEE INT_CALC TERMINATION  DATE 16 09 2026 TIME 13:31:19.2

 *******************************************************************************
 converted and standardized from ase Atoms() object for BaTiO3 in space group 1  
 CRYSTAL - SCF - TYPE OF CALCULATION :  RESTRICTED CLOSED SHELL
 *******************************************************************************

 CAPPA:IS1  8;IS2  8;IS3  8; K PTS MONK NET 260; SYMMOPS:K SPACE   2;G SPACE   1

 TTTTTTTTTTTTTTTTTTTTTTTTTTTTTT SDIK        TELAPSE        2.89 TCPU        2.62

 AAAAAAAAAAAAAAAAAAAAAAAAAAAAAAAAAAAAAAAAAAAAAAAAAAAAAAAAAAAAAAAAAAAAAAAAAAAAAAA
         ATOMIC WAVEFUNCTION(S)


 NUCLEAR CHARGE 10.0  SYMMETRY SPECIES            S    P
 N. ELECTRONS   10.0  NUMBER OF PRIMITIVE GTOS    5    5
                      NUMBER OF CONTRACTED GTOS   3    2
                      NUMBER OF CLOSED SHELLS     2    1
                      OPEN SHELL OCCUPATION       0    0

  ZNUC  SCFIT    TOTAL HF ENERGY   KINETIC ENERGY   VIRIAL THEOREM ACCURACY
  10.0     4    -2.474305552E+01  8.075374970E+00 -4.064013202E+00  1.0E-06

 NUCLEAR CHARGE  8.0  SYMMETRY SPECIES            S    P
 N. ELECTRONS    8.0  NUMBER OF PRIMITIVE GTOS   10    6
                      NUMBER OF CONTRACTED GTOS   4    3
                      NUMBER OF CLOSED SHELLS     2    0
                      OPEN SHELL OCCUPATION       0    4

  ZNUC  SCFIT    TOTAL HF ENERGY   KINETIC ENERGY   VIRIAL THEOREM ACCURACY
   8.0    13    -7.480154908E+01  7.478929752E+01 -2.000163814E+00  2.2E-06

 NUCLEAR CHARGE 22.0  SYMMETRY SPECIES            S    P    D
 N. ELECTRONS   22.0  NUMBER OF PRIMITIVE GTOS   17   11    6
                      NUMBER OF CONTRACTED GTOS   6    4    3
                      NUMBER OF CLOSED SHELLS     4    2    0
                      OPEN SHELL OCCUPATION       0    0    2

  ZNUC  SCFIT    TOTAL HF ENERGY   KINETIC ENERGY   VIRIAL THEOREM ACCURACY
  22.0    51    -8.483283900E+02  8.486954862E+02 -1.999567458E+00  4.0E-06

 AAAAAAAAAAAAAAAAAAAAAAAAAAAAAAAAAAAAAAAAAAAAAAAAAAAAAAAAAAAAAAAAAAAAAAAAAAAAAAA

 CHARGE NORMALIZATION FACTOR   1.00000000
 TOTAL ATOMIC CHARGES:
  10.0000000   8.0000000   8.0000000   8.0000000  22.0000000
 TTTTTTTTTTTTTTTTTTTTTTTTTTTTTT MOQGAD      TELAPSE        2.90 TCPU        2.63
 TTTTTTTTTTTTTTTTTTTTTTTTTTTTTT SHELLXN     TELAPSE       32.85 TCPU       32.40
 TTTTTTTTTTTTTTTTTTTTTTTTTTTTTT MONMO3      TELAPSE       33.23 TCPU       32.78
 NUMERICALLY INTEGRATED DENSITY     55.9997144994
 TTTTTTTTTTTTTTTTTTTTTTTTTTTTTT NUMDFT      TELAPSE       33.53 TCPU       33.08
 CYC   0 ETOT(AU) -1.100458939105E+03 DETOT -1.10E+03 tst  0.00E+00 PX  1.00E+00
 TTTTTTTTTTTTTTTTTTTTTTTTTTTTTT DIIS        TELAPSE       33.54 TCPU       33.09
 TTTTTTTTTTTTTTTTTTTTTTTTTTTTTT FDIK        TELAPSE       33.81 TCPU       33.33
 INSULATING STATE
 TOP OF VALENCE BANDS -    BAND     28; K  260; EIG -3.4683452E-01 AU
 TOP OF VALENCE BANDS -    BAND     28; K    1; EIG -3.5750939E-01 AU
 BOTTOM OF VIRTUAL BANDS - BAND     29; K    1; EIG -8.2760100E-02 AU
 INDIRECT ENERGY BAND GAP:   7.1858 eV
 TTTTTTTTTTTTTTTTTTTTTTTTTTTTTT PDIG        TELAPSE       33.83 TCPU       33.36
 CHARGE NORMALIZATION FACTOR   1.00000000
 TOTAL ATOMIC CHARGES:
   8.1577695   9.4289588   9.4842992   9.4843059  19.4446667
 TTTTTTTTTTTTTTTTTTTTTTTTTTTTTT MOQGAD      TELAPSE       33.84 TCPU       33.36
 TTTTTTTTTTTTTTTTTTTTTTTTTTTTTT SHELLXN     TELAPSE       65.57 TCPU       64.89
 TTTTTTTTTTTTTTTTTTTTTTTTTTTTTT MONMO3      TELAPSE       65.97 TCPU       65.29
 NUMERICALLY INTEGRATED DENSITY     55.9996447466
 TTTTTTTTTTTTTTTTTTTTTTTTTTTTTT NUMDFT      TELAPSE       66.28 TCPU       65.60
 CYC   1 ETOT(AU) -1.100197803817E+03 DETOT  2.61E-01 tst  0.00E+00 PX  1.00E+00
 TTTTTTTTTTTTTTTTTTTTTTTTTTTTTT DIIS        TELAPSE       66.30 TCPU       65.61
 DIIS TEST: 0.21031E+01 AT SCF   CYCLE   1 - MIX   80 %
 TTTTTTTTTTTTTTTTTTTTTTTTTTTTTT FDIK        TELAPSE       66.43 TCPU       65.74
 INSULATING STATE
 TOP OF VALENCE BANDS -    BAND     28; K  260; EIG -2.5849048E-01 AU
 TOP OF VALENCE BANDS -    BAND     28; K    1; EIG -2.7682797E-01 AU
 BOTTOM OF VIRTUAL BANDS - BAND     29; K    1; EIG -9.9836640E-02 AU
 INDIRECT ENERGY BAND GAP:   4.3172 eV
 TTTTTTTTTTTTTTTTTTTTTTTTTTTTTT PDIG        TELAPSE       66.46 TCPU       65.77
 CHARGE NORMALIZATION FACTOR   1.00000000
 TOTAL ATOMIC CHARGES:
   8.2463055   9.1505707   9.2401972   9.2401984  20.1227282
 TTTTTTTTTTTTTTTTTTTTTTTTTTTTTT MOQGAD      TELAPSE       66.46 TCPU       65.77
 TTTTTTTTTTTTTTTTTTTTTTTTTTTTTT SHELLXN     TELAPSE       98.17 TCPU       97.25
 TTTTTTTTTTTTTTTTTTTTTTTTTTTTTT MONMO3      TELAPSE       98.57 TCPU       97.65
 NUMERICALLY INTEGRATED DENSITY     55.9996171290
 TTTTTTTTTTTTTTTTTTTTTTTTTTTTTT NUMDFT      TELAPSE       98.88 TCPU       97.96
 CYC   2 ETOT(AU) -1.100603972625E+03 DETOT -4.06E-01 tst  4.94E-03 PX  6.78E-02
 TTTTTTTTTTTTTTTTTTTTTTTTTTTTTT DIIS        TELAPSE       98.89 TCPU       97.97
 DIIS TEST: 0.38345E+00 AT SCF   CYCLE   2 - DIIS ACTIVE - HISTORY:     2 CYCLES
 TTTTTTTTTTTTTTTTTTTTTTTTTTTTTT FDIK        TELAPSE       99.03 TCPU       98.10
 INSULATING STATE
 TOP OF VALENCE BANDS -    BAND     28; K  260; EIG -1.4669247E-01 AU
 TOP OF VALENCE BANDS -    BAND     28; K    1; EIG -1.6613030E-01 AU
 BOTTOM OF VIRTUAL BANDS - BAND     29; K    1; EIG -1.0667391E-02 AU
 INDIRECT ENERGY BAND GAP:   3.7014 eV
 TTTTTTTTTTTTTTTTTTTTTTTTTTTTTT PDIG        TELAPSE       99.05 TCPU       98.13
 CHARGE NORMALIZATION FACTOR   1.00000000
 TOTAL ATOMIC CHARGES:
   8.3415805   9.0454555   9.0462597   9.0463455  20.5203588
 TTTTTTTTTTTTTTTTTTTTTTTTTTTTTT MOQGAD      TELAPSE       99.06 TCPU       98.13
 TTTTTTTTTTTTTTTTTTTTTTTTTTTTTT SHELLXN     TELAPSE      130.76 TCPU      129.63
 TTTTTTTTTTTTTTTTTTTTTTTTTTTTTT MONMO3      TELAPSE      131.16 TCPU      130.03
 NUMERICALLY INTEGRATED DENSITY     55.9996034895
 TTTTTTTTTTTTTTTTTTTTTTTTTTTTTT NUMDFT      TELAPSE      131.46 TCPU      130.33
 CYC   3 ETOT(AU) -1.100687956622E+03 DETOT -8.40E-02 tst  2.51E-03 PX  6.01E-02
 TTTTTTTTTTTTTTTTTTTTTTTTTTTTTT DIIS        TELAPSE      131.47 TCPU      130.34
 DIIS TEST: 0.91983E-02 AT SCF   CYCLE   3 - DIIS ACTIVE - HISTORY:     3 CYCLES
 TTTTTTTTTTTTTTTTTTTTTTTTTTTTTT FDIK        TELAPSE      131.59 TCPU      130.46
 INSULATING STATE
 TOP OF VALENCE BANDS -    BAND     28; K  260; EIG -1.5488686E-01 AU
 TOP OF VALENCE BANDS -    BAND     28; K    1; EIG -1.7215443E-01 AU
 BOTTOM OF VIRTUAL BANDS - BAND     29; K    1; EIG -2.4467005E-03 AU
 INDIRECT ENERGY BAND GAP:   4.1481 eV
 TTTTTTTTTTTTTTTTTTTTTTTTTTTTTT PDIG        TELAPSE      131.62 TCPU      130.49
 CHARGE NORMALIZATION FACTOR   1.00000000
 TOTAL ATOMIC CHARGES:
   8.3336492   8.9544135   9.1152730   9.1152413  20.4814230
 TTTTTTTTTTTTTTTTTTTTTTTTTTTTTT MOQGAD      TELAPSE      131.63 TCPU      130.49
 TTTTTTTTTTTTTTTTTTTTTTTTTTTTTT SHELLXN     TELAPSE      163.23 TCPU      161.90
 TTTTTTTTTTTTTTTTTTTTTTTTTTTTTT MONMO3      TELAPSE      163.62 TCPU      162.29
 NUMERICALLY INTEGRATED DENSITY     55.9995966123
 TTTTTTTTTTTTTTTTTTTTTTTTTTTTTT NUMDFT      TELAPSE      163.92 TCPU      162.58
 CYC   4 ETOT(AU) -1.100686634640E+03 DETOT  1.32E-03 tst  1.87E-04 PX  2.27E-02
 TTTTTTTTTTTTTTTTTTTTTTTTTTTTTT DIIS        TELAPSE      163.93 TCPU      162.59
 DIIS TEST: 0.15966E-01 AT SCF   CYCLE   4 - DIIS ACTIVE - HISTORY:     4 CYCLES
 TTTTTTTTTTTTTTTTTTTTTTTTTTTTTT FDIK        TELAPSE      164.05 TCPU      162.71
 INSULATING STATE
 TOP OF VALENCE BANDS -    BAND     28; K  260; EIG -1.4441641E-01 AU
 TOP OF VALENCE BANDS -    BAND     28; K    1; EIG -1.6306850E-01 AU
 BOTTOM OF VIRTUAL BANDS - BAND     29; K    1; EIG -1.1457599E-03 AU
 INDIRECT ENERGY BAND GAP:   3.8986 eV
 TTTTTTTTTTTTTTTTTTTTTTTTTTTTTT PDIG        TELAPSE      164.07 TCPU      162.74
 CHARGE NORMALIZATION FACTOR   1.00000000
 TOTAL ATOMIC CHARGES:
   8.3338226   9.0160456   9.0800017   9.0800041  20.4901260
 TTTTTTTTTTTTTTTTTTTTTTTTTTTTTT MOQGAD      TELAPSE      164.08 TCPU      162.74
 TTTTTTTTTTTTTTTTTTTTTTTTTTTTTT SHELLXN     TELAPSE      195.67 TCPU      194.13
 TTTTTTTTTTTTTTTTTTTTTTTTTTTTTT MONMO3      TELAPSE      196.04 TCPU      194.51
 NUMERICALLY INTEGRATED DENSITY     55.9995991110
 TTTTTTTTTTTTTTTTTTTTTTTTTTTTTT NUMDFT      TELAPSE      196.33 TCPU      194.79
 CYC   5 ETOT(AU) -1.100689519478E+03 DETOT -2.88E-03 tst  7.23E-05 PX  1.06E-02
 TTTTTTTTTTTTTTTTTTTTTTTTTTTTTT DIIS        TELAPSE      196.34 TCPU      194.80
 DIIS TEST: 0.53863E-03 AT SCF   CYCLE   5 - DIIS ACTIVE - HISTORY:     5 CYCLES
 TTTTTTTTTTTTTTTTTTTTTTTTTTTTTT FDIK        TELAPSE      196.47 TCPU      194.93
 INSULATING STATE
 TOP OF VALENCE BANDS -    BAND     28; K  260; EIG -1.4414489E-01 AU
 TOP OF VALENCE BANDS -    BAND     28; K    1; EIG -1.6297310E-01 AU
 BOTTOM OF VIRTUAL BANDS - BAND     29; K    1; EIG -3.4654533E-03 AU
 INDIRECT ENERGY BAND GAP:   3.8281 eV
 TTTTTTTTTTTTTTTTTTTTTTTTTTTTTT PDIG        TELAPSE      196.50 TCPU      194.96
 CHARGE NORMALIZATION FACTOR   1.00000000
 TOTAL ATOMIC CHARGES:
   8.3333429   9.0047868   9.0760470   9.0760570  20.5097664
 TTTTTTTTTTTTTTTTTTTTTTTTTTTTTT MOQGAD      TELAPSE      196.50 TCPU      194.96
 TTTTTTTTTTTTTTTTTTTTTTTTTTTTTT SHELLXN     TELAPSE      228.12 TCPU      226.38
 TTTTTTTTTTTTTTTTTTTTTTTTTTTTTT MONMO3      TELAPSE      228.51 TCPU      226.77
 NUMERICALLY INTEGRATED DENSITY     55.9995993628
 TTTTTTTTTTTTTTTTTTTTTTTTTTTTTT NUMDFT      TELAPSE      228.81 TCPU      227.06
 CYC   6 ETOT(AU) -1.100689622571E+03 DETOT -1.03E-04 tst  3.76E-06 PX  2.90E-03
 TTTTTTTTTTTTTTTTTTTTTTTTTTTTTT DIIS        TELAPSE      228.82 TCPU      227.07
 DIIS TEST: 0.28598E-04 AT SCF   CYCLE   6 - DIIS ACTIVE - HISTORY:     6 CYCLES
 TTTTTTTTTTTTTTTTTTTTTTTTTTTTTT FDIK        TELAPSE      228.94 TCPU      227.20
 INSULATING STATE
 TOP OF VALENCE BANDS -    BAND     28; K  260; EIG -1.4344583E-01 AU
 TOP OF VALENCE BANDS -    BAND     28; K    1; EIG -1.6219623E-01 AU
 BOTTOM OF VIRTUAL BANDS - BAND     29; K    1; EIG -1.7309113E-03 AU
 INDIRECT ENERGY BAND GAP:   3.8563 eV
 TTTTTTTTTTTTTTTTTTTTTTTTTTTTTT PDIG        TELAPSE      228.97 TCPU      227.22
 CHARGE NORMALIZATION FACTOR   1.00000000
 TOTAL ATOMIC CHARGES:
   8.3360831   9.0081673   9.0772533   9.0772556  20.5012407
 TTTTTTTTTTTTTTTTTTTTTTTTTTTTTT MOQGAD      TELAPSE      228.97 TCPU      227.23
 TTTTTTTTTTTTTTTTTTTTTTTTTTTTTT SHELLXN     TELAPSE      260.47 TCPU      258.52
 TTTTTTTTTTTTTTTTTTTTTTTTTTTTTT MONMO3      TELAPSE      260.85 TCPU      258.90
 NUMERICALLY INTEGRATED DENSITY     55.9995988943
 TTTTTTTTTTTTTTTTTTTTTTTTTTTTTT NUMDFT      TELAPSE      261.15 TCPU      259.20
 CYC   7 ETOT(AU) -1.100689625430E+03 DETOT -2.86E-06 tst  6.73E-07 PX  3.07E-03
 TTTTTTTTTTTTTTTTTTTTTTTTTTTTTT DIIS        TELAPSE      261.16 TCPU      259.21
 DIIS TEST: 0.16780E-04 AT SCF   CYCLE   7 - DIIS ACTIVE - HISTORY:     7 CYCLES
 TTTTTTTTTTTTTTTTTTTTTTTTTTTTTT FDIK        TELAPSE      261.29 TCPU      259.33
 INSULATING STATE
 TOP OF VALENCE BANDS -    BAND     28; K  260; EIG -1.4356102E-01 AU
 TOP OF VALENCE BANDS -    BAND     28; K    1; EIG -1.6235532E-01 AU
 BOTTOM OF VIRTUAL BANDS - BAND     29; K    1; EIG -2.3943247E-03 AU
 INDIRECT ENERGY BAND GAP:   3.8413 eV
 TTTTTTTTTTTTTTTTTTTTTTTTTTTTTT PDIG        TELAPSE      261.32 TCPU      259.35
 CHARGE NORMALIZATION FACTOR   1.00000000
 TOTAL ATOMIC CHARGES:
   8.3353231   9.0067917   9.0762432   9.0762511  20.5053909
 TTTTTTTTTTTTTTTTTTTTTTTTTTTTTT MOQGAD      TELAPSE      261.32 TCPU      259.36
 TTTTTTTTTTTTTTTTTTTTTTTTTTTTTT SHELLXN     TELAPSE      292.78 TCPU      290.61
 TTTTTTTTTTTTTTTTTTTTTTTTTTTTTT MONMO3      TELAPSE      293.15 TCPU      290.99
 NUMERICALLY INTEGRATED DENSITY     55.9995990872
 TTTTTTTTTTTTTTTTTTTTTTTTTTTTTT NUMDFT      TELAPSE      293.44 TCPU      291.27
 CYC   8 ETOT(AU) -1.100689630199E+03 DETOT -4.77E-06 tst  1.35E-07 PX  6.99E-04
 TTTTTTTTTTTTTTTTTTTTTTTTTTTTTT DIIS        TELAPSE      293.45 TCPU      291.28
 DIIS TEST: 0.31160E-06 AT SCF   CYCLE   8 - DIIS ACTIVE - HISTORY:     8 CYCLES
 TTTTTTTTTTTTTTTTTTTTTTTTTTTTTT FDIK        TELAPSE      293.57 TCPU      291.40
 INSULATING STATE
 TOP OF VALENCE BANDS -    BAND     28; K  260; EIG -1.4361743E-01 AU
 TOP OF VALENCE BANDS -    BAND     28; K    1; EIG -1.6240650E-01 AU
 BOTTOM OF VIRTUAL BANDS - BAND     29; K    1; EIG -2.4116745E-03 AU
 INDIRECT ENERGY BAND GAP:   3.8424 eV
 TTTTTTTTTTTTTTTTTTTTTTTTTTTTTT PDIG        TELAPSE      293.60 TCPU      291.43
 CHARGE NORMALIZATION FACTOR   1.00000000
 TOTAL ATOMIC CHARGES:
   8.3352701   9.0067278   9.0764091   9.0764119  20.5051810
 TTTTTTTTTTTTTTTTTTTTTTTTTTTTTT MOQGAD      TELAPSE      293.60 TCPU      291.43
 TTTTTTTTTTTTTTTTTTTTTTTTTTTTTT SHELLXN     TELAPSE      325.15 TCPU      322.80
 TTTTTTTTTTTTTTTTTTTTTTTTTTTTTT MONMO3      TELAPSE      325.52 TCPU      323.16
 NUMERICALLY INTEGRATED DENSITY     55.9995990751
 TTTTTTTTTTTTTTTTTTTTTTTTTTTTTT NUMDFT      TELAPSE      325.82 TCPU      323.46
 CYC   9 ETOT(AU) -1.100689630178E+03 DETOT  2.10E-08 tst  2.76E-09 PX  2.58E-04
 TTTTTTTTTTTTTTTTTTTTTTTTTTTTTT DIIS        TELAPSE      325.83 TCPU      323.47
 DIIS TEST: 0.18290E-06 AT SCF   CYCLE   9 - DIIS ACTIVE - HISTORY:     9 CYCLES
 TTTTTTTTTTTTTTTTTTTTTTTTTTTTTT FDIK        TELAPSE      325.95 TCPU      323.59
 INSULATING STATE
 TOP OF VALENCE BANDS -    BAND     28; K  260; EIG -1.4360320E-01 AU
 TOP OF VALENCE BANDS -    BAND     28; K    1; EIG -1.6239363E-01 AU
 BOTTOM OF VIRTUAL BANDS - BAND     29; K    1; EIG -2.4078413E-03 AU
 INDIRECT ENERGY BAND GAP:   3.8421 eV
 TTTTTTTTTTTTTTTTTTTTTTTTTTTTTT PDIG        TELAPSE      325.98 TCPU      323.62
 CHARGE NORMALIZATION FACTOR   1.00000000
 TOTAL ATOMIC CHARGES:
   8.3352933   9.0067505   9.0763592   9.0763681  20.5052288
 TTTTTTTTTTTTTTTTTTTTTTTTTTTTTT MOQGAD      TELAPSE      325.98 TCPU      323.62
 TTTTTTTTTTTTTTTTTTTTTTTTTTTTTT SHELLXN     TELAPSE      357.12 TCPU      354.58
 +++ ENERGIES IN A.U. +++
 ::: EXT EL-POLE                                  -1.4498218506724E+03
 ::: EXT EL-SPHEROPOLE                             1.3846051707510E+01
 ::: BIELET ZONE E-E                               1.7325402949428E+03
 ::: TOTAL E-E                                     2.9656449597791E+02
 ::: TOTAL E-N + N-E                              -2.2164770607871E+03
 ::: TOTAL N-N                                    -2.0734217483976E+02
 ::: KINETIC ENERGY                                1.0806996423970E+03
 ::: PSEUDO TOTAL   ENERGY                        -1.0465550972520E+03
 ::: VIRIAL COEFFICIENT                            1.0160509902780E+00
 TTTTTTTTTTTTTTTTTTTTTTTTTTTTTT MONMO3      TELAPSE      357.49 TCPU      354.95
 NUMERICALLY INTEGRATED DENSITY     55.9995990785
 EXCHANGE ENERGY: -0.519861289261E+02  CORRELATION ENERGY: -0.214840401180E+01
 TTTTTTTTTTTTTTTTTTTTTTTTTTTTTT NUMDFT      TELAPSE      357.78 TCPU      355.23
 CYC  10 ETOT(AU) -1.100689630190E+03 DETOT -1.17E-08 tst  2.66E-09 PX  2.58E-04

 == SCF ENDED - CONVERGENCE ON ENERGY      E(AU) -1.1006896301898E+03 CYCLES  10


 ENERGY EXPRESSION=HARTREE+FOCK EXCH*0.25000+(PBE        EXCH)*0.75000+PBE        CORR


 TOTAL ENERGY(DFT)(AU)( 10) -1.1006896301898E+03 DE-1.2E-08 tester 2.7E-09
 TTTTTTTTTTTTTTTTTTTTTTTTTTTTTT EDFT        TELAPSE      357.78 TCPU      355.24
 EIGENVECTORS IN FORTRAN UNIT  8
 TTTTTTTTTTTTTTTTTTTTTTTTTTTTTT END         TELAPSE      357.88 TCPU      355.33
 EEEEEEEEEE TERMINATION  DATE 16 09 2026 TIME 13:37:14.3
NODE    0 CPU TIME =       355.329
NODE    1 CPU TIME =       355.383
NODE    2 CPU TIME =       355.442
NODE    3 CPU TIME =       355.379
NODE    4 CPU TIME =       355.423
NODE    5 CPU TIME =       355.403
NODE    6 CPU TIME =       355.428
NODE    7 CPU TIME =       355.374
NODE    8 CPU TIME =       355.339
NODE    9 CPU TIME =       355.393
NODE   10 CPU TIME =       355.326
NODE   11 CPU TIME =       355.401
NODE   12 CPU TIME =       355.158
NODE   13 CPU TIME =       355.363
NODE   14 CPU TIME =       355.381
NODE   15 CPU TIME =       355.405
    TOTAL CPU TIME =      5685.926
------------------------------------------------------
Pcrystal finished normally
------------------------------------------------------
SCF wavefunction fort.9 saved as /home/sabine/BaTiO3_tetra/Alamode_oldPyro/polari/pyroTemp/30_mode12.w
Date: 2026-09-16 13:37:14